******************************************************************************
            TI ARM Clang Linker PC v4.0.4                      
******************************************************************************
>> Linked Sat Apr 25 15:24:47 2026

OUTPUT FILE NAME:   <Final Project.out>
ENTRY POINT SYMBOL: "_c_int00_noargs"  address: 00001ff5


MEMORY CONFIGURATION

         name            origin    length      used     unused   attr    fill
----------------------  --------  ---------  --------  --------  ----  --------
  FLASH                 00000000   00020000  00002aa0  0001d560  R  X
  SRAM                  20200000   00008000  00000264  00007d9c  RW X
  BCR_CONFIG            41c00000   000000ff  00000000  000000ff  R   
  BSL_CONFIG            41c00100   00000080  00000000  00000080  R   


SEGMENT ALLOCATION MAP

run origin  load origin   length   init length attrs members
----------  ----------- ---------- ----------- ----- -------
00000000    00000000    00002aa0   00002aa0    r-x
  00000000    00000000    000000c0   000000c0    r-- .intvecs
  000000c0    000000c0    00002170   00002170    r-x .text
  00002230    00002230    00000808   00000808    r-- .rodata
  00002a38    00002a38    00000068   00000068    r-- .cinit
20200000    20200000    00000064   00000000    rw-
  20200000    20200000    00000062   00000000    rw- .data
  20200062    20200062    00000002   00000000    rw- .bss
20207e00    20207e00    00000200   00000000    rw-
  20207e00    20207e00    00000200   00000000    rw- .stack


SECTION ALLOCATION MAP

 output                                  attributes/
section   page    origin      length       input sections
--------  ----  ----------  ----------   ----------------
.intvecs   0    00000000    000000c0     
                  00000000    000000c0     startup_mspm0g350x_ticlang.o (.intvecs)

.text      0    000000c0    00002170     
                  000000c0    000001ec     clock.o (.text.ClockInitialization_80MHz)
                  000002ac    000001cc     main.o (.text.main)
                  00000478    000001a8     LCD.o (.text.LCD_DrawChar)
                  00000620    000001a8     LCD.o (.text.LCD_DrawCharS)
                  000007c8    00000140     clock.o (.text.ClockInitialization_40MHz)
                  00000908    00000138     i2c.o (.text.InitializeI2C)
                  00000a40    00000118     LCD.o (.text.LCD_FillRect)
                  00000b58    000000ec     LCD.o (.text.commonInit)
                  00000c44    000000e8     i2c.o (.text.I2C_Send)
                  00000d2c    000000e4     SPI.o (.text.InitializeSPI)
                  00000e10    000000e4     libclang_rt.builtins.a : muldf3.S.obj (.text.__muldf3)
                  00000ef4    000000e0     timer.o (.text.InitializeTimerPWM)
                  00000fd4    000000d4     LCD.o (.text.LCD_OutChar)
                  000010a8    000000c8     i2c.o (.text.I2C_Receive)
                  00001170    000000b8     clock.o (.text.ClockInitialization_4MHz_32MHz)
                  00001228    000000ac     MKII.o (.text.InitializeBoosterpack)
                  000012d4    000000a2     LCD.o (.text.commandList)
                  00001376    00000002     libclang_rt.builtins.a : aeabi_div0.c.obj (.text.__aeabi_idiv0)
                  00001378    00000090     LCD.o (.text.ST7735_InitR)
                  00001408    0000008c     libclang_rt.builtins.a : mulsf3.S.obj (.text.__mulsf3)
                  00001494    00000088     LCD.o (.text.setAddrWindow)
                  0000151c    00000084     i2c.o (.text.I2CFillTXFIFO)
                  000015a0    00000084     LCD.o (.text.LCD_DrawString)
                  00001624    00000084     main.o (.text.__NVIC_SetPriority)
                  000016a8    00000082     libclang_rt.builtins.a : divsf3.S.obj (.text.__divsf3)
                  0000172a    00000002     --HOLE-- [fill = 0]
                  0000172c    0000007c     libc.a : copy_decompress_lzss.c.obj (.text:decompress:lzss)
                  000017a8    00000008     mspm0g350x_int.o (.text.ADC0_IRQHandler)
                  000017b0    00000074     libclang_rt.builtins.a : truncdfsf2.S.obj (.text.__truncdfsf2)
                  00001824    00000070     LCD.o (.text.LCD_DrawPixel)
                  00001894    0000006c     main.o (.text.playNote)
                  00001900    00000068     timer.o (.text.InitializeTimerClock)
                  00001968    00000064     opt3001.o (.text.sensorOpt3001Convert)
                  000019cc    00000062     libclang_rt.builtins.a : aeabi_fcmp.S.obj (.text.__aeabi_fcmp)
                  00001a2e    0000005e     opt3001.o (.text.sensorOpt3001Read)
                  00001a8c    00000058     bsp.o (.text.CPUCyclesPer1us)
                  00001ae4    00000050     main.o (.text.Group1CallbackFunction)
                  00001b34    0000004c     timer.o (.text.UpdateDutyCycle)
                  00001b80    0000004c     main.o (.text.displayNote)
                  00001bcc    00000040     libclang_rt.builtins.a : aeabi_uidivmod.S.obj (.text.__aeabi_uidivmod)
                  00001c0c    0000003c                            : floatsisf.S.obj (.text.__floatsisf)
                  00001c48    0000003c                            : comparesf2.S.obj (.text.__gtsf2)
                  00001c84    0000003c     libc.a : autoinit.c.obj (.text:__TI_auto_init_nobinit_nopinit)
                  00001cc0    0000003a     libclang_rt.builtins.a : comparesf2.S.obj (.text.__eqsf2)
                  00001cfa    00000002     --HOLE-- [fill = 0]
                  00001cfc    0000003a                            : muldsi3.S.obj (.text.__muldsi3)
                  00001d36    00000002     --HOLE-- [fill = 0]
                  00001d38    00000038     bsp.o (.text.ActivatePortAandB)
                  00001d70    00000038     libclang_rt.builtins.a : fixsfsi.S.obj (.text.__fixsfsi)
                  00001da8    00000034     opt3001.o (.text.InitializeOpt3001Sensor)
                  00001ddc    00000034     LCD.o (.text.LCD_SetCursor)
                  00001e10    00000032     libclang_rt.builtins.a : fixunssfsi.S.obj (.text.__fixunssfsi)
                  00001e42    00000002     --HOLE-- [fill = 0]
                  00001e44    00000030     SPI.o (.text.SPISendByte)
                  00001e74    00000030     main.o (.text.setPeriod)
                  00001ea4    0000002c     clock.o (.text.ClockDelay_1ms)
                  00001ed0    0000002c     LCD.o (.text.LCD_FillScreen)
                  00001efc    0000002c     main.o (.text.__NVIC_EnableIRQ)
                  00001f28    0000002c     libclang_rt.builtins.a : floatsidf.S.obj (.text.__floatsidf)
                  00001f54    00000028     timer.o (.text.EnableTimer)
                  00001f7c    00000028     timer.o (.text.InitializeTimerCompare)
                  00001fa4    00000028     LCD.o (.text.SPI_OutCommand)
                  00001fcc    00000028     LCD.o (.text.SPI_OutData)
                  00001ff4    00000028     libc.a : boot_cortex_m.c.obj (.text:_c_int00_noargs)
                  0000201c    00000026     LCD.o (.text.LCD_OutString)
                  00002042    0000001e     LCD.o (.text.pushColor)
                  00002060    00000018     bsp.o (.text.CPUCyclesPer1ms)
                  00002078    00000016     libc.a : copy_zero_init.c.obj (.text:decompress:ZI:__TI_zero_init_nomemset)
                  0000208e    00000002     --HOLE-- [fill = 0]
                  00002090    00000014     MKII.o (.text.BP_TurnOffBlueLED)
                  000020a4    00000014     MKII.o (.text.BP_TurnOffGreenLED)
                  000020b8    00000014     LCD.o (.text.LCD_SetTextColor)
                  000020cc    00000012     libc.a : memcpy16.S.obj (.text:TI_memcpy_small)
                  000020de    00000012            : copy_decompress_none.c.obj (.text:decompress:none)
                  000020f0    00000010     MKII.o (.text.BP_TurnOffRedLED)
                  00002100    00000010     clock.o (.text.ClockDelay)
                  00002110    00000010     mspm0g350x_int.o (.text.GROUP1_IRQHandler)
                  00002120    00000010     mspm0g350x_int.o (.text.TIMG8_IRQHandler)
                  00002130    0000000e     mspm0g350x_int.o (.text.Default_Callback)
                  0000213e    0000000a     LCD.o (.text.LCD_Init)
                  00002148    00000008     mspm0g350x_int.o (.text.ADC1_IRQHandler)
                  00002150    00000008     mspm0g350x_int.o (.text.AES_IRQHandler)
                  00002158    00000008     mspm0g350x_int.o (.text.CANFD0_IRQHandler)
                  00002160    00000008     mspm0g350x_int.o (.text.DAC0_IRQHandler)
                  00002168    00000008     mspm0g350x_int.o (.text.DMA_IRQHandler)
                  00002170    00000008     bsp.o (.text.Error_Handler)
                  00002178    00000008     mspm0g350x_int.o (.text.GROUP0_IRQHandler)
                  00002180    00000008     mspm0g350x_int.o (.text.I2C0_IRQHandler)
                  00002188    00000008     mspm0g350x_int.o (.text.I2C1_IRQHandler)
                  00002190    00000008     mspm0g350x_int.o (.text.RTC_IRQHandler)
                  00002198    00000008     mspm0g350x_int.o (.text.SPI0_IRQHandler)
                  000021a0    00000008     mspm0g350x_int.o (.text.SPI1_IRQHandler)
                  000021a8    00000008     scheduler.o (.text.SysTick_Handler)
                  000021b0    00000008     mspm0g350x_int.o (.text.TIMA0_IRQHandler)
                  000021b8    00000008     mspm0g350x_int.o (.text.TIMA1_IRQHandler)
                  000021c0    00000008     mspm0g350x_int.o (.text.TIMG0_IRQHandler)
                  000021c8    00000008     mspm0g350x_int.o (.text.TIMG12_IRQHandler)
                  000021d0    00000008     mspm0g350x_int.o (.text.TIMG6_IRQHandler)
                  000021d8    00000008     mspm0g350x_int.o (.text.TIMG7_IRQHandler)
                  000021e0    00000008     mspm0g350x_int.o (.text.UART0_IRQHandler)
                  000021e8    00000008     mspm0g350x_int.o (.text.UART1_IRQHandler)
                  000021f0    00000008     mspm0g350x_int.o (.text.UART2_IRQHandler)
                  000021f8    00000008     mspm0g350x_int.o (.text.UART3_IRQHandler)
                  00002200    00000008     libclang_rt.builtins.a : aeabi_memcpy.S.obj (.text.__aeabi_memcpy)
                  00002208    00000006     scheduler.o (.text.TaskSchedulerISR)
                  0000220e    00000006     libc.a : exit.c.obj (.text:abort)
                  00002214    00000004     startup_mspm0g350x_ticlang.o (.text.Default_Handler)
                  00002218    00000004     libsysbm.a : hostexit.c.obj (.text.HOSTexit)
                  0000221c    00000004     startup_mspm0g350x_ticlang.o (.text.Reset_Handler)
                  00002220    00000004     libc.a : pre_init.c.obj (.text._system_pre_init)
                  00002224    0000000c     --HOLE-- [fill = 0]

.cinit     0    00002a38    00000068     
                  00002a38    0000003e     (.cinit..data.load) [load image, compression = lzss]
                  00002a76    00000002     --HOLE-- [fill = 0]
                  00002a78    0000000c     (__TI_handler_table)
                  00002a84    00000008     (.cinit..bss.load) [load image, compression = zero_init]
                  00002a8c    00000010     (__TI_cinit_table)
                  00002a9c    00000004     --HOLE-- [fill = 0]

.rodata    0    00002230    00000808     
                  00002230    00000500     LCD.o (.rodata.Font)
                  00002730    00000228     main.o (.rodata..L__const.main.song)
                  00002958    0000003b     LCD.o (.rodata.Rcmd1)
                  00002993    0000002b     LCD.o (.rodata.Rcmd3)
                  000029be    00000016     LCD.o (.rodata.str1.9522760866108295983.1)
                  000029d4    0000000d     LCD.o (.rodata.Rcmd2green)
                  000029e1    0000000d     LCD.o (.rodata.Rcmd2red)
                  000029ee    0000000b     main.o (.rodata.str1.14402440632258215044.1)
                  000029f9    0000000b     main.o (.rodata.str1.2123964117280943167.1)
                  00002a04    00000008     main.o (.rodata.NextStateTable)
                  00002a0c    00000007     main.o (.rodata.str1.15996357275703397564.1)
                  00002a13    00000003     main.o (.rodata.str1.12180500075719773345.1)
                  00002a16    00000003     main.o (.rodata.str1.14112174005742061988.1)
                  00002a19    00000003     main.o (.rodata.str1.15159059442110792349.1)
                  00002a1c    00000003     main.o (.rodata.str1.16265332423659789559.1)
                  00002a1f    00000003     main.o (.rodata.str1.17100691992556644108.1)
                  00002a22    00000003     main.o (.rodata.str1.18227636981041470289.1)
                  00002a25    00000003     main.o (.rodata.str1.2846389346932560359.1)
                  00002a28    00000003     main.o (.rodata.str1.288608917962107522.1)
                  00002a2b    00000003     main.o (.rodata.str1.7702501944640899365.1)
                  00002a2e    00000003     main.o (.rodata.str1.8154729771448623357.1)
                  00002a31    00000007     --HOLE-- [fill = 0]

.init_array 
*          0    00000000    00000000     UNINITIALIZED

.binit     0    00000000    00000000     

.data      0    20200000    00000062     UNINITIALIZED
                  20200000    00000020     main.o (.data.PWMTimerPWMConfig)
                  20200020    0000000c     main.o (.data.PWMTimerClockConfig)
                  2020002c    00000008     main.o (.data.Group1)
                  20200034    00000008     main.o (.data.PWMTimerConfig)
                  2020003c    00000008     mspm0g350x_int.o (.data.TimerG8)
                  20200044    00000008     main.o (.data.i2c1_config)
                  2020004c    00000004     main.o (.data.ClockFrequency)
                  20200050    00000004     LCD.o (.data.StX)
                  20200054    00000004     LCD.o (.data.StY)
                  20200058    00000004     main.o (.data.speed_factor)
                  2020005c    00000002     LCD.o (.data.StTextColor)
                  2020005e    00000002     LCD.o (.data._height)
                  20200060    00000002     LCD.o (.data._width)

.bss       0    20200062    00000002     UNINITIALIZED
                  20200062    00000001     LCD.o (.bss.ColStart)
                  20200063    00000001     LCD.o (.bss.RowStart)

.stack     0    20207e00    00000200     UNINITIALIZED
                  20207e00    00000004     libc.a : boot_cortex_m.c.obj (.stack)
                  20207e04    000001fc     --HOLE--

__llvm_prf_cnts 
*          0    20200000    00000000     UNINITIALIZED

__llvm_prf_bits 
*          0    20200000    00000000     UNINITIALIZED

MODULE SUMMARY

       Module                         code   ro data   rw data
       ------                         ----   -------   -------
    .\
       main.o                         948    619       76     
       startup_mspm0g350x_ticlang.o   8      192       0      
    +--+------------------------------+------+---------+---------+
       Total:                         956    811       76     
                                                              
    .\LP_MSPM0G3507\
       LCD.o                          2536   1430      16     
       clock.o                        1056   0         0      
       i2c.o                          876    0         0      
       timer.o                        484    0         0      
       SPI.o                          276    0         0      
       opt3001.o                      246    0         0      
       mspm0g350x_int.o               222    0         8      
       MKII.o                         228    0         0      
       bsp.o                          176    0         0      
       scheduler.o                    14     0         0      
    +--+------------------------------+------+---------+---------+
       Total:                         6114   1430      24     
                                                              
    C:\ti\ccs2040\ccs\tools\compiler\ti-cgt-armllvm_4.0.4.LTS\lib\armv6m-ti-none-eabi/c/libc.a
       copy_decompress_lzss.c.obj     124    0         0      
       autoinit.c.obj                 60     0         0      
       boot_cortex_m.c.obj            40     0         0      
       copy_zero_init.c.obj           22     0         0      
       copy_decompress_none.c.obj     18     0         0      
       memcpy16.S.obj                 18     0         0      
       exit.c.obj                     6      0         0      
       pre_init.c.obj                 4      0         0      
    +--+------------------------------+------+---------+---------+
       Total:                         292    0         0      
                                                              
    C:\ti\ccs2040\ccs\tools\compiler\ti-cgt-armllvm_4.0.4.LTS\lib\armv6m-ti-none-eabi/c/libsysbm.a
       hostexit.c.obj                 4      0         0      
    +--+------------------------------+------+---------+---------+
       Total:                         4      0         0      
                                                              
    C:\ti\ccs2040\ccs\tools\compiler\ti-cgt-armllvm_4.0.4.LTS\lib\armv6m-ti-none-eabi/libclang_rt.builtins.a
       muldf3.S.obj                   228    0         0      
       mulsf3.S.obj                   140    0         0      
       divsf3.S.obj                   130    0         0      
       comparesf2.S.obj               118    0         0      
       truncdfsf2.S.obj               116    0         0      
       aeabi_fcmp.S.obj               98     0         0      
       aeabi_uidivmod.S.obj           64     0         0      
       floatsisf.S.obj                60     0         0      
       muldsi3.S.obj                  58     0         0      
       fixsfsi.S.obj                  56     0         0      
       fixunssfsi.S.obj               50     0         0      
       floatsidf.S.obj                44     0         0      
       aeabi_memcpy.S.obj             8      0         0      
       aeabi_div0.c.obj               2      0         0      
    +--+------------------------------+------+---------+---------+
       Total:                         1172   0         0      
                                                              
       Stack:                         0      0         512    
       Linker Generated:              0      98        0      
    +--+------------------------------+------+---------+---------+
       Grand Total:                   8538   2339      612    


LINKER GENERATED COPY TABLES

__TI_cinit_table @ 00002a8c records: 2, size/record: 8, table size: 16
	.data: load addr=00002a38, load size=0000003e bytes, run addr=20200000, run size=00000062 bytes, compression=lzss
	.bss: load addr=00002a84, load size=00000008 bytes, run addr=20200062, run size=00000002 bytes, compression=zero_init


LINKER GENERATED HANDLER TABLE

__TI_handler_table @ 00002a78 records: 3, size/record: 4, table size: 12
	index: 0, handler: __TI_decompress_lzss
	index: 1, handler: __TI_decompress_none
	index: 2, handler: __TI_zero_init


GLOBAL SYMBOLS: SORTED ALPHABETICALLY BY Name 

address   name                          
-------   ----                          
000017a9  ADC0_IRQHandler               
00002149  ADC1_IRQHandler               
00002151  AES_IRQHandler                
00001d39  ActivatePortAandB             
00002091  BP_TurnOffBlueLED             
000020a5  BP_TurnOffGreenLED            
000020f1  BP_TurnOffRedLED              
00002218  C$$EXIT                       
00002159  CANFD0_IRQHandler             
00002061  CPUCyclesPer1ms               
00001a8d  CPUCyclesPer1us               
00002101  ClockDelay                    
00001ea5  ClockDelay_1ms                
2020004c  ClockFrequency                
000007c9  ClockInitialization_40MHz     
00001171  ClockInitialization_4MHz_32MHz
000000c1  ClockInitialization_80MHz     
00002161  DAC0_IRQHandler               
00002169  DMA_IRQHandler                
00002131  Default_Callback              
00002215  Default_Handler               
00001f55  EnableTimer                   
00002171  Error_Handler                 
00002179  GROUP0_IRQHandler             
00002111  GROUP1_IRQHandler             
2020002c  Group1                        
00001ae5  Group1CallbackFunction        
00002219  HOSTexit                      
00002215  HardFault_Handler             
00002181  I2C0_IRQHandler               
00002189  I2C1_IRQHandler               
000010a9  I2C_Receive                   
00000c45  I2C_Send                      
00001229  InitializeBoosterpack         
00000909  InitializeI2C                 
00001da9  InitializeOpt3001Sensor       
00000d2d  InitializeSPI                 
00001901  InitializeTimerClock          
00001f7d  InitializeTimerCompare        
00000ef5  InitializeTimerPWM            
00000479  LCD_DrawChar                  
00000621  LCD_DrawCharS                 
00001825  LCD_DrawPixel                 
000015a1  LCD_DrawString                
00000a41  LCD_FillRect                  
00001ed1  LCD_FillScreen                
0000213f  LCD_Init                      
00000fd5  LCD_OutChar                   
0000201d  LCD_OutString                 
00001ddd  LCD_SetCursor                 
000020b9  LCD_SetTextColor              
00002215  NMI_Handler                   
00002a04  NextStateTable                
20200020  PWMTimerClockConfig           
20200034  PWMTimerConfig                
20200000  PWMTimerPWMConfig             
00002215  PendSV_Handler                
00002191  RTC_IRQHandler                
0000221d  Reset_Handler                 
00002199  SPI0_IRQHandler               
000021a1  SPI1_IRQHandler               
00001e45  SPISendByte                   
00002215  SVC_Handler                   
2020005c  StTextColor                   
20200050  StX                           
20200054  StY                           
000021a9  SysTick_Handler               
000021b1  TIMA0_IRQHandler              
000021b9  TIMA1_IRQHandler              
000021c1  TIMG0_IRQHandler              
000021c9  TIMG12_IRQHandler             
000021d1  TIMG6_IRQHandler              
000021d9  TIMG7_IRQHandler              
00002121  TIMG8_IRQHandler              
000020cd  TI_memcpy_small               
00002209  TaskSchedulerISR              
2020003c  TimerG8                       
000021e1  UART0_IRQHandler              
000021e9  UART1_IRQHandler              
000021f1  UART2_IRQHandler              
000021f9  UART3_IRQHandler              
00001b35  UpdateDutyCycle               
20208000  __STACK_END                   
00000200  __STACK_SIZE                  
00000000  __TI_ATRegion0_region_sz      
00000000  __TI_ATRegion0_src_addr       
00000000  __TI_ATRegion0_trg_addr       
00000000  __TI_ATRegion1_region_sz      
00000000  __TI_ATRegion1_src_addr       
00000000  __TI_ATRegion1_trg_addr       
00000000  __TI_ATRegion2_region_sz      
00000000  __TI_ATRegion2_src_addr       
00000000  __TI_ATRegion2_trg_addr       
00002a8c  __TI_CINIT_Base               
00002a9c  __TI_CINIT_Limit              
00002a9c  __TI_CINIT_Warm               
00002a78  __TI_Handler_Table_Base       
00002a84  __TI_Handler_Table_Limit      
00001c85  __TI_auto_init_nobinit_nopinit
0000172d  __TI_decompress_lzss          
000020df  __TI_decompress_none          
ffffffff  __TI_pprof_out_hndl           
ffffffff  __TI_prof_data_size           
ffffffff  __TI_prof_data_start          
00000000  __TI_static_base__            
00002079  __TI_zero_init_nomemset       
000017b1  __aeabi_d2f                   
00000e11  __aeabi_dmul                  
00001d71  __aeabi_f2iz                  
00001e11  __aeabi_f2uiz                 
000019cd  __aeabi_fcmpeq                
00001a09  __aeabi_fcmpge                
00001a1d  __aeabi_fcmpgt                
000019f5  __aeabi_fcmple                
000019e1  __aeabi_fcmplt                
000016a9  __aeabi_fdiv                  
00001409  __aeabi_fmul                  
00001f29  __aeabi_i2d                   
00001c0d  __aeabi_i2f                   
00001377  __aeabi_idiv0                 
00002201  __aeabi_memcpy                
00002201  __aeabi_memcpy4               
00002201  __aeabi_memcpy8               
00001bcd  __aeabi_uidiv                 
00001bcd  __aeabi_uidivmod              
ffffffff  __binit__                     
00001cc1  __cmpsf2                      
000016a9  __divsf3                      
00001cc1  __eqsf2                       
00001d71  __fixsfsi                     
00001e11  __fixunssfsi                  
00001f29  __floatsidf                   
00001c0d  __floatsisf                   
00001c49  __gesf2                       
00001c49  __gtsf2                       
00001cc1  __lesf2                       
00001cc1  __ltsf2                       
UNDEFED   __mpu_init                    
00000e11  __muldf3                      
00001cfd  __muldsi3                     
00001409  __mulsf3                      
00001cc1  __nesf2                       
20207e00  __stack                       
20200000  __start___llvm_prf_bits       
20200000  __start___llvm_prf_cnts       
20200000  __stop___llvm_prf_bits        
20200000  __stop___llvm_prf_cnts        
000017b1  __truncdfsf2                  
00001ff5  _c_int00_noargs               
UNDEFED   _system_post_cinit            
00002221  _system_pre_init              
0000220f  abort                         
ffffffff  binit                         
00001b81  displayNote                   
20200044  i2c1_config                   
00000000  interruptVectors              
000002ad  main                          
00001895  playNote                      
00001969  sensorOpt3001Convert          
00001a2f  sensorOpt3001Read             
00001e75  setPeriod                     
20200058  speed_factor                  


GLOBAL SYMBOLS: SORTED BY Symbol Address 

address   name                          
-------   ----                          
00000000  __TI_ATRegion0_region_sz      
00000000  __TI_ATRegion0_src_addr       
00000000  __TI_ATRegion0_trg_addr       
00000000  __TI_ATRegion1_region_sz      
00000000  __TI_ATRegion1_src_addr       
00000000  __TI_ATRegion1_trg_addr       
00000000  __TI_ATRegion2_region_sz      
00000000  __TI_ATRegion2_src_addr       
00000000  __TI_ATRegion2_trg_addr       
00000000  __TI_static_base__            
00000000  interruptVectors              
000000c1  ClockInitialization_80MHz     
00000200  __STACK_SIZE                  
000002ad  main                          
00000479  LCD_DrawChar                  
00000621  LCD_DrawCharS                 
000007c9  ClockInitialization_40MHz     
00000909  InitializeI2C                 
00000a41  LCD_FillRect                  
00000c45  I2C_Send                      
00000d2d  InitializeSPI                 
00000e11  __aeabi_dmul                  
00000e11  __muldf3                      
00000ef5  InitializeTimerPWM            
00000fd5  LCD_OutChar                   
000010a9  I2C_Receive                   
00001171  ClockInitialization_4MHz_32MHz
00001229  InitializeBoosterpack         
00001377  __aeabi_idiv0                 
00001409  __aeabi_fmul                  
00001409  __mulsf3                      
000015a1  LCD_DrawString                
000016a9  __aeabi_fdiv                  
000016a9  __divsf3                      
0000172d  __TI_decompress_lzss          
000017a9  ADC0_IRQHandler               
000017b1  __aeabi_d2f                   
000017b1  __truncdfsf2                  
00001825  LCD_DrawPixel                 
00001895  playNote                      
00001901  InitializeTimerClock          
00001969  sensorOpt3001Convert          
000019cd  __aeabi_fcmpeq                
000019e1  __aeabi_fcmplt                
000019f5  __aeabi_fcmple                
00001a09  __aeabi_fcmpge                
00001a1d  __aeabi_fcmpgt                
00001a2f  sensorOpt3001Read             
00001a8d  CPUCyclesPer1us               
00001ae5  Group1CallbackFunction        
00001b35  UpdateDutyCycle               
00001b81  displayNote                   
00001bcd  __aeabi_uidiv                 
00001bcd  __aeabi_uidivmod              
00001c0d  __aeabi_i2f                   
00001c0d  __floatsisf                   
00001c49  __gesf2                       
00001c49  __gtsf2                       
00001c85  __TI_auto_init_nobinit_nopinit
00001cc1  __cmpsf2                      
00001cc1  __eqsf2                       
00001cc1  __lesf2                       
00001cc1  __ltsf2                       
00001cc1  __nesf2                       
00001cfd  __muldsi3                     
00001d39  ActivatePortAandB             
00001d71  __aeabi_f2iz                  
00001d71  __fixsfsi                     
00001da9  InitializeOpt3001Sensor       
00001ddd  LCD_SetCursor                 
00001e11  __aeabi_f2uiz                 
00001e11  __fixunssfsi                  
00001e45  SPISendByte                   
00001e75  setPeriod                     
00001ea5  ClockDelay_1ms                
00001ed1  LCD_FillScreen                
00001f29  __aeabi_i2d                   
00001f29  __floatsidf                   
00001f55  EnableTimer                   
00001f7d  InitializeTimerCompare        
00001ff5  _c_int00_noargs               
0000201d  LCD_OutString                 
00002061  CPUCyclesPer1ms               
00002079  __TI_zero_init_nomemset       
00002091  BP_TurnOffBlueLED             
000020a5  BP_TurnOffGreenLED            
000020b9  LCD_SetTextColor              
000020cd  TI_memcpy_small               
000020df  __TI_decompress_none          
000020f1  BP_TurnOffRedLED              
00002101  ClockDelay                    
00002111  GROUP1_IRQHandler             
00002121  TIMG8_IRQHandler              
00002131  Default_Callback              
0000213f  LCD_Init                      
00002149  ADC1_IRQHandler               
00002151  AES_IRQHandler                
00002159  CANFD0_IRQHandler             
00002161  DAC0_IRQHandler               
00002169  DMA_IRQHandler                
00002171  Error_Handler                 
00002179  GROUP0_IRQHandler             
00002181  I2C0_IRQHandler               
00002189  I2C1_IRQHandler               
00002191  RTC_IRQHandler                
00002199  SPI0_IRQHandler               
000021a1  SPI1_IRQHandler               
000021a9  SysTick_Handler               
000021b1  TIMA0_IRQHandler              
000021b9  TIMA1_IRQHandler              
000021c1  TIMG0_IRQHandler              
000021c9  TIMG12_IRQHandler             
000021d1  TIMG6_IRQHandler              
000021d9  TIMG7_IRQHandler              
000021e1  UART0_IRQHandler              
000021e9  UART1_IRQHandler              
000021f1  UART2_IRQHandler              
000021f9  UART3_IRQHandler              
00002201  __aeabi_memcpy                
00002201  __aeabi_memcpy4               
00002201  __aeabi_memcpy8               
00002209  TaskSchedulerISR              
0000220f  abort                         
00002215  Default_Handler               
00002215  HardFault_Handler             
00002215  NMI_Handler                   
00002215  PendSV_Handler                
00002215  SVC_Handler                   
00002218  C$$EXIT                       
00002219  HOSTexit                      
0000221d  Reset_Handler                 
00002221  _system_pre_init              
00002a04  NextStateTable                
00002a78  __TI_Handler_Table_Base       
00002a84  __TI_Handler_Table_Limit      
00002a8c  __TI_CINIT_Base               
00002a9c  __TI_CINIT_Limit              
00002a9c  __TI_CINIT_Warm               
20200000  PWMTimerPWMConfig             
20200000  __start___llvm_prf_bits       
20200000  __start___llvm_prf_cnts       
20200000  __stop___llvm_prf_bits        
20200000  __stop___llvm_prf_cnts        
20200020  PWMTimerClockConfig           
2020002c  Group1                        
20200034  PWMTimerConfig                
2020003c  TimerG8                       
20200044  i2c1_config                   
2020004c  ClockFrequency                
20200050  StX                           
20200054  StY                           
20200058  speed_factor                  
2020005c  StTextColor                   
20207e00  __stack                       
20208000  __STACK_END                   
ffffffff  __TI_pprof_out_hndl           
ffffffff  __TI_prof_data_size           
ffffffff  __TI_prof_data_start          
ffffffff  __binit__                     
ffffffff  binit                         
UNDEFED   __mpu_init                    
UNDEFED   _system_post_cinit            

[162 symbols]
