<?xml version="1.0" encoding="ISO-8859-1" ?>
<link_info>
   <banner>TI ARM Clang Linker PC v4.0.4.LTS</banner>
   <copyright>Copyright (c) 1996-2018 Texas Instruments Incorporated</copyright>
   <command_line>C:\ti\ccs2040\ccs\tools\compiler\ti-cgt-armllvm_4.0.4.LTS\bin\tiarmlnk -IC:\ti\ccs2040\ccs\tools\compiler\ti-cgt-armllvm_4.0.4.LTS\lib -o Final Project.out -mFinal Project.map -iC:/ti/mspm0_sdk_2_09_00_01/source -iC:/Users/rojo/OneDrive - University of Virginia/26S/Embedded/workspace_ccstheia/Final Project -iC:/ti/ccs2040/ccs/tools/compiler/ti-cgt-armllvm_4.0.4.LTS/lib --diag_wrap=off --display_error_number --warn_sections --xml_link_info=Final Project_linkInfo.xml --rom_model ./main.o ./startup_mspm0g350x_ticlang.o ./LP_MSPM0G3507/LCD.o ./LP_MSPM0G3507/MKII.o ./LP_MSPM0G3507/SPI.o ./LP_MSPM0G3507/bsp.o ./LP_MSPM0G3507/clock.o ./LP_MSPM0G3507/i2c.o ./LP_MSPM0G3507/mspm0g350x_int.o ./LP_MSPM0G3507/opt3001.o ./LP_MSPM0G3507/scheduler.o ./LP_MSPM0G3507/timer.o ./LP_MSPM0G3507/tmp006.o ./LP_MSPM0G3507/uart.o ../mspm0g3507.cmd -lC:/ti/mspm0_sdk_2_09_00_01/source/ti/driverlib/lib/ticlang/m0p/mspm0g1x0x_g3x0x/driverlib.a -llibc.a --start-group -llibc++.a -llibc++abi.a -llibc.a -llibsys.a -llibsysbm.a -llibclang_rt.builtins.a -llibclang_rt.profile.a --end-group --cg_opt_level=0</command_line>
   <link_time>0x69ed14ff</link_time>
   <link_errors>0x0</link_errors>
   <output_file>C:\Users\rojo\OneDrive - University of Virginia\26S\Embedded\workspace_ccstheia\Final Project\Debug\Final Project.out</output_file>
   <entry_point>
      <name>_c_int00_noargs</name>
      <address>0x1ff5</address>
   </entry_point>
   <input_file_list>
      <input_file id="fl-1">
         <path>C:\Users\rojo\OneDrive - University of Virginia\26S\Embedded\workspace_ccstheia\Final Project\Debug\.\</path>
         <kind>object</kind>
         <file>main.o</file>
         <name>main.o</name>
      </input_file>
      <input_file id="fl-2">
         <path>C:\Users\rojo\OneDrive - University of Virginia\26S\Embedded\workspace_ccstheia\Final Project\Debug\.\</path>
         <kind>object</kind>
         <file>startup_mspm0g350x_ticlang.o</file>
         <name>startup_mspm0g350x_ticlang.o</name>
      </input_file>
      <input_file id="fl-3">
         <path>C:\Users\rojo\OneDrive - University of Virginia\26S\Embedded\workspace_ccstheia\Final Project\Debug\.\LP_MSPM0G3507\</path>
         <kind>object</kind>
         <file>LCD.o</file>
         <name>LCD.o</name>
      </input_file>
      <input_file id="fl-4">
         <path>C:\Users\rojo\OneDrive - University of Virginia\26S\Embedded\workspace_ccstheia\Final Project\Debug\.\LP_MSPM0G3507\</path>
         <kind>object</kind>
         <file>MKII.o</file>
         <name>MKII.o</name>
      </input_file>
      <input_file id="fl-5">
         <path>C:\Users\rojo\OneDrive - University of Virginia\26S\Embedded\workspace_ccstheia\Final Project\Debug\.\LP_MSPM0G3507\</path>
         <kind>object</kind>
         <file>SPI.o</file>
         <name>SPI.o</name>
      </input_file>
      <input_file id="fl-6">
         <path>C:\Users\rojo\OneDrive - University of Virginia\26S\Embedded\workspace_ccstheia\Final Project\Debug\.\LP_MSPM0G3507\</path>
         <kind>object</kind>
         <file>bsp.o</file>
         <name>bsp.o</name>
      </input_file>
      <input_file id="fl-7">
         <path>C:\Users\rojo\OneDrive - University of Virginia\26S\Embedded\workspace_ccstheia\Final Project\Debug\.\LP_MSPM0G3507\</path>
         <kind>object</kind>
         <file>clock.o</file>
         <name>clock.o</name>
      </input_file>
      <input_file id="fl-8">
         <path>C:\Users\rojo\OneDrive - University of Virginia\26S\Embedded\workspace_ccstheia\Final Project\Debug\.\LP_MSPM0G3507\</path>
         <kind>object</kind>
         <file>i2c.o</file>
         <name>i2c.o</name>
      </input_file>
      <input_file id="fl-9">
         <path>C:\Users\rojo\OneDrive - University of Virginia\26S\Embedded\workspace_ccstheia\Final Project\Debug\.\LP_MSPM0G3507\</path>
         <kind>object</kind>
         <file>mspm0g350x_int.o</file>
         <name>mspm0g350x_int.o</name>
      </input_file>
      <input_file id="fl-a">
         <path>C:\Users\rojo\OneDrive - University of Virginia\26S\Embedded\workspace_ccstheia\Final Project\Debug\.\LP_MSPM0G3507\</path>
         <kind>object</kind>
         <file>opt3001.o</file>
         <name>opt3001.o</name>
      </input_file>
      <input_file id="fl-b">
         <path>C:\Users\rojo\OneDrive - University of Virginia\26S\Embedded\workspace_ccstheia\Final Project\Debug\.\LP_MSPM0G3507\</path>
         <kind>object</kind>
         <file>scheduler.o</file>
         <name>scheduler.o</name>
      </input_file>
      <input_file id="fl-c">
         <path>C:\Users\rojo\OneDrive - University of Virginia\26S\Embedded\workspace_ccstheia\Final Project\Debug\.\LP_MSPM0G3507\</path>
         <kind>object</kind>
         <file>timer.o</file>
         <name>timer.o</name>
      </input_file>
      <input_file id="fl-d">
         <path>C:\Users\rojo\OneDrive - University of Virginia\26S\Embedded\workspace_ccstheia\Final Project\Debug\.\LP_MSPM0G3507\</path>
         <kind>object</kind>
         <file>tmp006.o</file>
         <name>tmp006.o</name>
      </input_file>
      <input_file id="fl-e">
         <path>C:\Users\rojo\OneDrive - University of Virginia\26S\Embedded\workspace_ccstheia\Final Project\Debug\.\LP_MSPM0G3507\</path>
         <kind>object</kind>
         <file>uart.o</file>
         <name>uart.o</name>
      </input_file>
      <input_file id="fl-1a">
         <path>C:\Users\rojo\OneDrive - University of Virginia\26S\Embedded\workspace_ccstheia\Final Project\Debug\</path>
         <kind>object</kind>
         <file>&lt;internal&gt;</file>
         <name>&lt;internal&gt;</name>
      </input_file>
      <input_file id="fl-31">
         <path>C:\ti\ccs2040\ccs\tools\compiler\ti-cgt-armllvm_4.0.4.LTS\lib\armv6m-ti-none-eabi\c\</path>
         <kind>archive</kind>
         <file>libc.a</file>
         <name>e_sqrt.c.obj</name>
      </input_file>
      <input_file id="fl-32">
         <path>C:\ti\ccs2040\ccs\tools\compiler\ti-cgt-armllvm_4.0.4.LTS\lib\armv6m-ti-none-eabi\c\</path>
         <kind>archive</kind>
         <file>libc.a</file>
         <name>aeabi_portable.c.obj</name>
      </input_file>
      <input_file id="fl-33">
         <path>C:\ti\ccs2040\ccs\tools\compiler\ti-cgt-armllvm_4.0.4.LTS\lib\armv6m-ti-none-eabi\c\</path>
         <kind>archive</kind>
         <file>libc.a</file>
         <name>assert.c.obj</name>
      </input_file>
      <input_file id="fl-34">
         <path>C:\ti\ccs2040\ccs\tools\compiler\ti-cgt-armllvm_4.0.4.LTS\lib\armv6m-ti-none-eabi\c\</path>
         <kind>archive</kind>
         <file>libc.a</file>
         <name>defs.c.obj</name>
      </input_file>
      <input_file id="fl-35">
         <path>C:\ti\ccs2040\ccs\tools\compiler\ti-cgt-armllvm_4.0.4.LTS\lib\armv6m-ti-none-eabi\c\</path>
         <kind>archive</kind>
         <file>libc.a</file>
         <name>memory.c.obj</name>
      </input_file>
      <input_file id="fl-36">
         <path>C:\ti\ccs2040\ccs\tools\compiler\ti-cgt-armllvm_4.0.4.LTS\lib\armv6m-ti-none-eabi\c\</path>
         <kind>archive</kind>
         <file>libc.a</file>
         <name>boot_cortex_m.c.obj</name>
      </input_file>
      <input_file id="fl-37">
         <path>C:\ti\ccs2040\ccs\tools\compiler\ti-cgt-armllvm_4.0.4.LTS\lib\armv6m-ti-none-eabi\c\</path>
         <kind>archive</kind>
         <file>libc.a</file>
         <name>mathacl_init.c.obj</name>
      </input_file>
      <input_file id="fl-38">
         <path>C:\ti\ccs2040\ccs\tools\compiler\ti-cgt-armllvm_4.0.4.LTS\lib\armv6m-ti-none-eabi\c\</path>
         <kind>archive</kind>
         <file>libc.a</file>
         <name>autoinit.c.obj</name>
      </input_file>
      <input_file id="fl-39">
         <path>C:\ti\ccs2040\ccs\tools\compiler\ti-cgt-armllvm_4.0.4.LTS\lib\armv6m-ti-none-eabi\c\</path>
         <kind>archive</kind>
         <file>libc.a</file>
         <name>pre_init.c.obj</name>
      </input_file>
      <input_file id="fl-3a">
         <path>C:\ti\ccs2040\ccs\tools\compiler\ti-cgt-armllvm_4.0.4.LTS\lib\armv6m-ti-none-eabi\c\</path>
         <kind>archive</kind>
         <file>libc.a</file>
         <name>cpy_tbl.c.obj</name>
      </input_file>
      <input_file id="fl-3b">
         <path>C:\ti\ccs2040\ccs\tools\compiler\ti-cgt-armllvm_4.0.4.LTS\lib\armv6m-ti-none-eabi\c\</path>
         <kind>archive</kind>
         <file>libc.a</file>
         <name>copy_zero_init.c.obj</name>
      </input_file>
      <input_file id="fl-3c">
         <path>C:\ti\ccs2040\ccs\tools\compiler\ti-cgt-armllvm_4.0.4.LTS\lib\armv6m-ti-none-eabi\c\</path>
         <kind>archive</kind>
         <file>libc.a</file>
         <name>copy_decompress_none.c.obj</name>
      </input_file>
      <input_file id="fl-3d">
         <path>C:\ti\ccs2040\ccs\tools\compiler\ti-cgt-armllvm_4.0.4.LTS\lib\armv6m-ti-none-eabi\c\</path>
         <kind>archive</kind>
         <file>libc.a</file>
         <name>copy_decompress_lzss.c.obj</name>
      </input_file>
      <input_file id="fl-3e">
         <path>C:\ti\ccs2040\ccs\tools\compiler\ti-cgt-armllvm_4.0.4.LTS\lib\armv6m-ti-none-eabi\c\</path>
         <kind>archive</kind>
         <file>libc.a</file>
         <name>sprintf.c.obj</name>
      </input_file>
      <input_file id="fl-3f">
         <path>C:\ti\ccs2040\ccs\tools\compiler\ti-cgt-armllvm_4.0.4.LTS\lib\armv6m-ti-none-eabi\c\</path>
         <kind>archive</kind>
         <file>libc.a</file>
         <name>fflush.c.obj</name>
      </input_file>
      <input_file id="fl-40">
         <path>C:\ti\ccs2040\ccs\tools\compiler\ti-cgt-armllvm_4.0.4.LTS\lib\armv6m-ti-none-eabi\c\</path>
         <kind>archive</kind>
         <file>libc.a</file>
         <name>fputs.c.obj</name>
      </input_file>
      <input_file id="fl-41">
         <path>C:\ti\ccs2040\ccs\tools\compiler\ti-cgt-armllvm_4.0.4.LTS\lib\armv6m-ti-none-eabi\c\</path>
         <kind>archive</kind>
         <file>libc.a</file>
         <name>_io_perm.c.obj</name>
      </input_file>
      <input_file id="fl-42">
         <path>C:\ti\ccs2040\ccs\tools\compiler\ti-cgt-armllvm_4.0.4.LTS\lib\armv6m-ti-none-eabi\c\</path>
         <kind>archive</kind>
         <file>libc.a</file>
         <name>setvbuf.c.obj</name>
      </input_file>
      <input_file id="fl-43">
         <path>C:\ti\ccs2040\ccs\tools\compiler\ti-cgt-armllvm_4.0.4.LTS\lib\armv6m-ti-none-eabi\c\</path>
         <kind>archive</kind>
         <file>libc.a</file>
         <name>exit.c.obj</name>
      </input_file>
      <input_file id="fl-44">
         <path>C:\ti\ccs2040\ccs\tools\compiler\ti-cgt-armllvm_4.0.4.LTS\lib\armv6m-ti-none-eabi\c\</path>
         <kind>archive</kind>
         <file>libc.a</file>
         <name>_lock.c.obj</name>
      </input_file>
      <input_file id="fl-45">
         <path>C:\ti\ccs2040\ccs\tools\compiler\ti-cgt-armllvm_4.0.4.LTS\lib\armv6m-ti-none-eabi\c\</path>
         <kind>archive</kind>
         <file>libc.a</file>
         <name>args_main.c.obj</name>
      </input_file>
      <input_file id="fl-46">
         <path>C:\ti\ccs2040\ccs\tools\compiler\ti-cgt-armllvm_4.0.4.LTS\lib\armv6m-ti-none-eabi\c\</path>
         <kind>archive</kind>
         <file>libc.a</file>
         <name>_printfi.c.obj</name>
      </input_file>
      <input_file id="fl-47">
         <path>C:\ti\ccs2040\ccs\tools\compiler\ti-cgt-armllvm_4.0.4.LTS\lib\armv6m-ti-none-eabi\c\</path>
         <kind>archive</kind>
         <file>libc.a</file>
         <name>fopen.c.obj</name>
      </input_file>
      <input_file id="fl-48">
         <path>C:\ti\ccs2040\ccs\tools\compiler\ti-cgt-armllvm_4.0.4.LTS\lib\armv6m-ti-none-eabi\c\</path>
         <kind>archive</kind>
         <file>libc.a</file>
         <name>fseek.c.obj</name>
      </input_file>
      <input_file id="fl-49">
         <path>C:\ti\ccs2040\ccs\tools\compiler\ti-cgt-armllvm_4.0.4.LTS\lib\armv6m-ti-none-eabi\c\</path>
         <kind>archive</kind>
         <file>libc.a</file>
         <name>_ltoa.c.obj</name>
      </input_file>
      <input_file id="fl-4a">
         <path>C:\ti\ccs2040\ccs\tools\compiler\ti-cgt-armllvm_4.0.4.LTS\lib\armv6m-ti-none-eabi\c\</path>
         <kind>archive</kind>
         <file>libc.a</file>
         <name>atoi.c.obj</name>
      </input_file>
      <input_file id="fl-4b">
         <path>C:\ti\ccs2040\ccs\tools\compiler\ti-cgt-armllvm_4.0.4.LTS\lib\armv6m-ti-none-eabi\c\</path>
         <kind>archive</kind>
         <file>libc.a</file>
         <name>memccpy.c.obj</name>
      </input_file>
      <input_file id="fl-4c">
         <path>C:\ti\ccs2040\ccs\tools\compiler\ti-cgt-armllvm_4.0.4.LTS\lib\armv6m-ti-none-eabi\c\</path>
         <kind>archive</kind>
         <file>libc.a</file>
         <name>s_frexp.c.obj</name>
      </input_file>
      <input_file id="fl-4d">
         <path>C:\ti\ccs2040\ccs\tools\compiler\ti-cgt-armllvm_4.0.4.LTS\lib\armv6m-ti-none-eabi\c\</path>
         <kind>archive</kind>
         <file>libc.a</file>
         <name>s_scalbn.c.obj</name>
      </input_file>
      <input_file id="fl-4e">
         <path>C:\ti\ccs2040\ccs\tools\compiler\ti-cgt-armllvm_4.0.4.LTS\lib\armv6m-ti-none-eabi\c\</path>
         <kind>archive</kind>
         <file>libc.a</file>
         <name>wcslen.c.obj</name>
      </input_file>
      <input_file id="fl-4f">
         <path>C:\ti\ccs2040\ccs\tools\compiler\ti-cgt-armllvm_4.0.4.LTS\lib\armv6m-ti-none-eabi\c\</path>
         <kind>archive</kind>
         <file>libc.a</file>
         <name>fclose.c.obj</name>
      </input_file>
      <input_file id="fl-50">
         <path>C:\ti\ccs2040\ccs\tools\compiler\ti-cgt-armllvm_4.0.4.LTS\lib\armv6m-ti-none-eabi\c\</path>
         <kind>archive</kind>
         <file>libc.a</file>
         <name>aeabi_ctype.S.obj</name>
      </input_file>
      <input_file id="fl-f0">
         <path>C:\ti\ccs2040\ccs\tools\compiler\ti-cgt-armllvm_4.0.4.LTS\lib\armv6m-ti-none-eabi\c\</path>
         <kind>archive</kind>
         <file>libsysbm.a</file>
         <name>hostexit.c.obj</name>
      </input_file>
      <input_file id="fl-f1">
         <path>C:\ti\ccs2040\ccs\tools\compiler\ti-cgt-armllvm_4.0.4.LTS\lib\armv6m-ti-none-eabi\c\</path>
         <kind>archive</kind>
         <file>libsysbm.a</file>
         <name>write.c.obj</name>
      </input_file>
      <input_file id="fl-f2">
         <path>C:\ti\ccs2040\ccs\tools\compiler\ti-cgt-armllvm_4.0.4.LTS\lib\armv6m-ti-none-eabi\c\</path>
         <kind>archive</kind>
         <file>libsysbm.a</file>
         <name>host_device.c.obj</name>
      </input_file>
      <input_file id="fl-f3">
         <path>C:\ti\ccs2040\ccs\tools\compiler\ti-cgt-armllvm_4.0.4.LTS\lib\armv6m-ti-none-eabi\c\</path>
         <kind>archive</kind>
         <file>libsysbm.a</file>
         <name>remove.c.obj</name>
      </input_file>
      <input_file id="fl-f4">
         <path>C:\ti\ccs2040\ccs\tools\compiler\ti-cgt-armllvm_4.0.4.LTS\lib\armv6m-ti-none-eabi\c\</path>
         <kind>archive</kind>
         <file>libsysbm.a</file>
         <name>open.c.obj</name>
      </input_file>
      <input_file id="fl-f5">
         <path>C:\ti\ccs2040\ccs\tools\compiler\ti-cgt-armllvm_4.0.4.LTS\lib\armv6m-ti-none-eabi\c\</path>
         <kind>archive</kind>
         <file>libsysbm.a</file>
         <name>lseek.c.obj</name>
      </input_file>
      <input_file id="fl-f6">
         <path>C:\ti\ccs2040\ccs\tools\compiler\ti-cgt-armllvm_4.0.4.LTS\lib\armv6m-ti-none-eabi\c\</path>
         <kind>archive</kind>
         <file>libsysbm.a</file>
         <name>close.c.obj</name>
      </input_file>
      <input_file id="fl-f7">
         <path>C:\ti\ccs2040\ccs\tools\compiler\ti-cgt-armllvm_4.0.4.LTS\lib\armv6m-ti-none-eabi\c\</path>
         <kind>archive</kind>
         <file>libsysbm.a</file>
         <name>unlink.c.obj</name>
      </input_file>
      <input_file id="fl-f8">
         <path>C:\ti\ccs2040\ccs\tools\compiler\ti-cgt-armllvm_4.0.4.LTS\lib\armv6m-ti-none-eabi\c\</path>
         <kind>archive</kind>
         <file>libsysbm.a</file>
         <name>hostclose.c.obj</name>
      </input_file>
      <input_file id="fl-f9">
         <path>C:\ti\ccs2040\ccs\tools\compiler\ti-cgt-armllvm_4.0.4.LTS\lib\armv6m-ti-none-eabi\c\</path>
         <kind>archive</kind>
         <file>libsysbm.a</file>
         <name>hostlseek.c.obj</name>
      </input_file>
      <input_file id="fl-fa">
         <path>C:\ti\ccs2040\ccs\tools\compiler\ti-cgt-armllvm_4.0.4.LTS\lib\armv6m-ti-none-eabi\c\</path>
         <kind>archive</kind>
         <file>libsysbm.a</file>
         <name>hostopen.c.obj</name>
      </input_file>
      <input_file id="fl-fb">
         <path>C:\ti\ccs2040\ccs\tools\compiler\ti-cgt-armllvm_4.0.4.LTS\lib\armv6m-ti-none-eabi\c\</path>
         <kind>archive</kind>
         <file>libsysbm.a</file>
         <name>hostread.c.obj</name>
      </input_file>
      <input_file id="fl-fc">
         <path>C:\ti\ccs2040\ccs\tools\compiler\ti-cgt-armllvm_4.0.4.LTS\lib\armv6m-ti-none-eabi\c\</path>
         <kind>archive</kind>
         <file>libsysbm.a</file>
         <name>hostrename.c.obj</name>
      </input_file>
      <input_file id="fl-fd">
         <path>C:\ti\ccs2040\ccs\tools\compiler\ti-cgt-armllvm_4.0.4.LTS\lib\armv6m-ti-none-eabi\c\</path>
         <kind>archive</kind>
         <file>libsysbm.a</file>
         <name>hostunlink.c.obj</name>
      </input_file>
      <input_file id="fl-fe">
         <path>C:\ti\ccs2040\ccs\tools\compiler\ti-cgt-armllvm_4.0.4.LTS\lib\armv6m-ti-none-eabi\c\</path>
         <kind>archive</kind>
         <file>libsysbm.a</file>
         <name>hostwrite.c.obj</name>
      </input_file>
      <input_file id="fl-ff">
         <path>C:\ti\ccs2040\ccs\tools\compiler\ti-cgt-armllvm_4.0.4.LTS\lib\armv6m-ti-none-eabi\c\</path>
         <kind>archive</kind>
         <file>libsysbm.a</file>
         <name>trgmsg.c.obj</name>
      </input_file>
      <input_file id="fl-100">
         <path>C:\ti\ccs2040\ccs\tools\compiler\ti-cgt-armllvm_4.0.4.LTS\lib\armv6m-ti-none-eabi\</path>
         <kind>archive</kind>
         <file>libclang_rt.builtins.a</file>
         <name>adddf3.S.obj</name>
      </input_file>
      <input_file id="fl-101">
         <path>C:\ti\ccs2040\ccs\tools\compiler\ti-cgt-armllvm_4.0.4.LTS\lib\armv6m-ti-none-eabi\</path>
         <kind>archive</kind>
         <file>libclang_rt.builtins.a</file>
         <name>muldf3.S.obj</name>
      </input_file>
      <input_file id="fl-102">
         <path>C:\ti\ccs2040\ccs\tools\compiler\ti-cgt-armllvm_4.0.4.LTS\lib\armv6m-ti-none-eabi\</path>
         <kind>archive</kind>
         <file>libclang_rt.builtins.a</file>
         <name>muldsi3.S.obj</name>
      </input_file>
      <input_file id="fl-103">
         <path>C:\ti\ccs2040\ccs\tools\compiler\ti-cgt-armllvm_4.0.4.LTS\lib\armv6m-ti-none-eabi\</path>
         <kind>archive</kind>
         <file>libclang_rt.builtins.a</file>
         <name>mulsf3.S.obj</name>
      </input_file>
      <input_file id="fl-104">
         <path>C:\ti\ccs2040\ccs\tools\compiler\ti-cgt-armllvm_4.0.4.LTS\lib\armv6m-ti-none-eabi\</path>
         <kind>archive</kind>
         <file>libclang_rt.builtins.a</file>
         <name>divsf3.S.obj</name>
      </input_file>
      <input_file id="fl-105">
         <path>C:\ti\ccs2040\ccs\tools\compiler\ti-cgt-armllvm_4.0.4.LTS\lib\armv6m-ti-none-eabi\</path>
         <kind>archive</kind>
         <file>libclang_rt.builtins.a</file>
         <name>divdf3.S.obj</name>
      </input_file>
      <input_file id="fl-106">
         <path>C:\ti\ccs2040\ccs\tools\compiler\ti-cgt-armllvm_4.0.4.LTS\lib\armv6m-ti-none-eabi\</path>
         <kind>archive</kind>
         <file>libclang_rt.builtins.a</file>
         <name>fixdfsi.S.obj</name>
      </input_file>
      <input_file id="fl-107">
         <path>C:\ti\ccs2040\ccs\tools\compiler\ti-cgt-armllvm_4.0.4.LTS\lib\armv6m-ti-none-eabi\</path>
         <kind>archive</kind>
         <file>libclang_rt.builtins.a</file>
         <name>fixunssfsi.S.obj</name>
      </input_file>
      <input_file id="fl-108">
         <path>C:\ti\ccs2040\ccs\tools\compiler\ti-cgt-armllvm_4.0.4.LTS\lib\armv6m-ti-none-eabi\</path>
         <kind>archive</kind>
         <file>libclang_rt.builtins.a</file>
         <name>floatsidf.S.obj</name>
      </input_file>
      <input_file id="fl-109">
         <path>C:\ti\ccs2040\ccs\tools\compiler\ti-cgt-armllvm_4.0.4.LTS\lib\armv6m-ti-none-eabi\</path>
         <kind>archive</kind>
         <file>libclang_rt.builtins.a</file>
         <name>floatsisf.S.obj</name>
      </input_file>
      <input_file id="fl-10a">
         <path>C:\ti\ccs2040\ccs\tools\compiler\ti-cgt-armllvm_4.0.4.LTS\lib\armv6m-ti-none-eabi\</path>
         <kind>archive</kind>
         <file>libclang_rt.builtins.a</file>
         <name>muldi3.S.obj</name>
      </input_file>
      <input_file id="fl-10b">
         <path>C:\ti\ccs2040\ccs\tools\compiler\ti-cgt-armllvm_4.0.4.LTS\lib\armv6m-ti-none-eabi\</path>
         <kind>archive</kind>
         <file>libclang_rt.builtins.a</file>
         <name>truncdfsf2.S.obj</name>
      </input_file>
      <input_file id="fl-10c">
         <path>C:\ti\ccs2040\ccs\tools\compiler\ti-cgt-armllvm_4.0.4.LTS\lib\armv6m-ti-none-eabi\</path>
         <kind>archive</kind>
         <file>libclang_rt.builtins.a</file>
         <name>aeabi_dcmp.S.obj</name>
      </input_file>
      <input_file id="fl-10d">
         <path>C:\ti\ccs2040\ccs\tools\compiler\ti-cgt-armllvm_4.0.4.LTS\lib\armv6m-ti-none-eabi\</path>
         <kind>archive</kind>
         <file>libclang_rt.builtins.a</file>
         <name>aeabi_fcmp.S.obj</name>
      </input_file>
      <input_file id="fl-10e">
         <path>C:\ti\ccs2040\ccs\tools\compiler\ti-cgt-armllvm_4.0.4.LTS\lib\armv6m-ti-none-eabi\</path>
         <kind>archive</kind>
         <file>libclang_rt.builtins.a</file>
         <name>aeabi_idivmod.S.obj</name>
      </input_file>
      <input_file id="fl-10f">
         <path>C:\ti\ccs2040\ccs\tools\compiler\ti-cgt-armllvm_4.0.4.LTS\lib\armv6m-ti-none-eabi\</path>
         <kind>archive</kind>
         <file>libclang_rt.builtins.a</file>
         <name>aeabi_memcpy.S.obj</name>
      </input_file>
      <input_file id="fl-110">
         <path>C:\ti\ccs2040\ccs\tools\compiler\ti-cgt-armllvm_4.0.4.LTS\lib\armv6m-ti-none-eabi\</path>
         <kind>archive</kind>
         <file>libclang_rt.builtins.a</file>
         <name>aeabi_memset.S.obj</name>
      </input_file>
      <input_file id="fl-111">
         <path>C:\ti\ccs2040\ccs\tools\compiler\ti-cgt-armllvm_4.0.4.LTS\lib\armv6m-ti-none-eabi\</path>
         <kind>archive</kind>
         <file>libclang_rt.builtins.a</file>
         <name>aeabi_uidivmod.S.obj</name>
      </input_file>
      <input_file id="fl-112">
         <path>C:\ti\ccs2040\ccs\tools\compiler\ti-cgt-armllvm_4.0.4.LTS\lib\armv6m-ti-none-eabi\</path>
         <kind>archive</kind>
         <file>libclang_rt.builtins.a</file>
         <name>aeabi_uldivmod.S.obj</name>
      </input_file>
      <input_file id="fl-113">
         <path>C:\ti\ccs2040\ccs\tools\compiler\ti-cgt-armllvm_4.0.4.LTS\lib\armv6m-ti-none-eabi\</path>
         <kind>archive</kind>
         <file>libclang_rt.builtins.a</file>
         <name>comparesf2.S.obj</name>
      </input_file>
      <input_file id="fl-114">
         <path>C:\ti\ccs2040\ccs\tools\compiler\ti-cgt-armllvm_4.0.4.LTS\lib\armv6m-ti-none-eabi\</path>
         <kind>archive</kind>
         <file>libclang_rt.builtins.a</file>
         <name>udivmoddi4.S.obj</name>
      </input_file>
      <input_file id="fl-115">
         <path>C:\ti\ccs2040\ccs\tools\compiler\ti-cgt-armllvm_4.0.4.LTS\lib\armv6m-ti-none-eabi\</path>
         <kind>archive</kind>
         <file>libclang_rt.builtins.a</file>
         <name>ashldi3.S.obj</name>
      </input_file>
      <input_file id="fl-116">
         <path>C:\ti\ccs2040\ccs\tools\compiler\ti-cgt-armllvm_4.0.4.LTS\lib\armv6m-ti-none-eabi\</path>
         <kind>archive</kind>
         <file>libclang_rt.builtins.a</file>
         <name>fixsfsi.S.obj</name>
      </input_file>
      <input_file id="fl-117">
         <path>C:\ti\ccs2040\ccs\tools\compiler\ti-cgt-armllvm_4.0.4.LTS\lib\armv6m-ti-none-eabi\</path>
         <kind>archive</kind>
         <file>libclang_rt.builtins.a</file>
         <name>comparedf2.c.obj</name>
      </input_file>
      <input_file id="fl-118">
         <path>C:\ti\ccs2040\ccs\tools\compiler\ti-cgt-armllvm_4.0.4.LTS\lib\armv6m-ti-none-eabi\</path>
         <kind>archive</kind>
         <file>libclang_rt.builtins.a</file>
         <name>aeabi_div0.c.obj</name>
      </input_file>
      <input_file id="fl-119">
         <path>C:\ti\ccs2040\ccs\tools\compiler\ti-cgt-armllvm_4.0.4.LTS\lib\armv6m-ti-none-eabi\c\</path>
         <kind>archive</kind>
         <file>libc.a</file>
         <name>getdevice.c.obj</name>
      </input_file>
      <input_file id="fl-11a">
         <path>C:\ti\ccs2040\ccs\tools\compiler\ti-cgt-armllvm_4.0.4.LTS\lib\armv6m-ti-none-eabi\c\</path>
         <kind>archive</kind>
         <file>libc.a</file>
         <name>memcpy16.S.obj</name>
      </input_file>
      <input_file id="fl-11b">
         <path>C:\ti\ccs2040\ccs\tools\compiler\ti-cgt-armllvm_4.0.4.LTS\lib\armv6m-ti-none-eabi\c\</path>
         <kind>archive</kind>
         <file>libc.a</file>
         <name>memset16.S.obj</name>
      </input_file>
      <input_file id="fl-11c">
         <path>C:\ti\ccs2040\ccs\tools\compiler\ti-cgt-armllvm_4.0.4.LTS\lib\armv6m-ti-none-eabi\c\</path>
         <kind>archive</kind>
         <file>libc.a</file>
         <name>strcmp-armv6m.S.obj</name>
      </input_file>
   </input_file_list>
   <object_component_list>
      <object_component id="oc-18">
         <name>.intvecs</name>
         <load_address>0x0</load_address>
         <readonly>true</readonly>
         <run_address>0x0</run_address>
         <size>0xc0</size>
         <alignment>0x4</alignment>
         <input_file_ref idref="fl-2"/>
      </object_component>
      <object_component id="oc-10c">
         <name>.text.ClockInitialization_80MHz</name>
         <load_address>0xc0</load_address>
         <readonly>true</readonly>
         <executable>true</executable>
         <run_address>0xc0</run_address>
         <size>0x1ec</size>
         <alignment>0x4</alignment>
         <input_file_ref idref="fl-7"/>
      </object_component>
      <object_component id="oc-8c">
         <name>.text.main</name>
         <load_address>0x2ac</load_address>
         <readonly>true</readonly>
         <executable>true</executable>
         <run_address>0x2ac</run_address>
         <size>0x1cc</size>
         <alignment>0x4</alignment>
         <input_file_ref idref="fl-1"/>
      </object_component>
      <object_component id="oc-1aa">
         <name>.text.LCD_DrawChar</name>
         <load_address>0x478</load_address>
         <readonly>true</readonly>
         <executable>true</executable>
         <run_address>0x478</run_address>
         <size>0x1a8</size>
         <alignment>0x4</alignment>
         <input_file_ref idref="fl-3"/>
      </object_component>
      <object_component id="oc-1a8">
         <name>.text.LCD_DrawCharS</name>
         <load_address>0x620</load_address>
         <readonly>true</readonly>
         <executable>true</executable>
         <run_address>0x620</run_address>
         <size>0x1a8</size>
         <alignment>0x4</alignment>
         <input_file_ref idref="fl-3"/>
      </object_component>
      <object_component id="oc-10b">
         <name>.text.ClockInitialization_40MHz</name>
         <load_address>0x7c8</load_address>
         <readonly>true</readonly>
         <executable>true</executable>
         <run_address>0x7c8</run_address>
         <size>0x140</size>
         <alignment>0x4</alignment>
         <input_file_ref idref="fl-7"/>
      </object_component>
      <object_component id="oc-bf">
         <name>.text.InitializeI2C</name>
         <load_address>0x908</load_address>
         <readonly>true</readonly>
         <executable>true</executable>
         <run_address>0x908</run_address>
         <size>0x138</size>
         <alignment>0x4</alignment>
         <input_file_ref idref="fl-8"/>
      </object_component>
      <object_component id="oc-122">
         <name>.text.LCD_FillRect</name>
         <load_address>0xa40</load_address>
         <readonly>true</readonly>
         <executable>true</executable>
         <run_address>0xa40</run_address>
         <size>0x118</size>
         <alignment>0x4</alignment>
         <input_file_ref idref="fl-3"/>
      </object_component>
      <object_component id="oc-16c">
         <name>.text.commonInit</name>
         <load_address>0xb58</load_address>
         <readonly>true</readonly>
         <executable>true</executable>
         <run_address>0xb58</run_address>
         <size>0xec</size>
         <alignment>0x4</alignment>
         <input_file_ref idref="fl-3"/>
      </object_component>
      <object_component id="oc-11f">
         <name>.text.I2C_Send</name>
         <load_address>0xc44</load_address>
         <readonly>true</readonly>
         <executable>true</executable>
         <run_address>0xc44</run_address>
         <size>0xe8</size>
         <alignment>0x4</alignment>
         <input_file_ref idref="fl-8"/>
      </object_component>
      <object_component id="oc-19a">
         <name>.text.InitializeSPI</name>
         <load_address>0xd2c</load_address>
         <readonly>true</readonly>
         <executable>true</executable>
         <run_address>0xd2c</run_address>
         <size>0xe4</size>
         <alignment>0x4</alignment>
         <input_file_ref idref="fl-5"/>
      </object_component>
      <object_component id="oc-12a">
         <name>.text.__muldf3</name>
         <load_address>0xe10</load_address>
         <readonly>true</readonly>
         <executable>true</executable>
         <run_address>0xe10</run_address>
         <size>0xe4</size>
         <alignment>0x4</alignment>
         <input_file_ref idref="fl-101"/>
      </object_component>
      <object_component id="oc-b9">
         <name>.text.InitializeTimerPWM</name>
         <load_address>0xef4</load_address>
         <readonly>true</readonly>
         <executable>true</executable>
         <run_address>0xef4</run_address>
         <size>0xe0</size>
         <alignment>0x4</alignment>
         <input_file_ref idref="fl-c"/>
      </object_component>
      <object_component id="oc-1a4">
         <name>.text.LCD_OutChar</name>
         <load_address>0xfd4</load_address>
         <readonly>true</readonly>
         <executable>true</executable>
         <run_address>0xfd4</run_address>
         <size>0xd4</size>
         <alignment>0x4</alignment>
         <input_file_ref idref="fl-3"/>
      </object_component>
      <object_component id="oc-125">
         <name>.text.I2C_Receive</name>
         <load_address>0x10a8</load_address>
         <readonly>true</readonly>
         <executable>true</executable>
         <run_address>0x10a8</run_address>
         <size>0xc8</size>
         <alignment>0x4</alignment>
         <input_file_ref idref="fl-8"/>
      </object_component>
      <object_component id="oc-10d">
         <name>.text.ClockInitialization_4MHz_32MHz</name>
         <load_address>0x1170</load_address>
         <readonly>true</readonly>
         <executable>true</executable>
         <run_address>0x1170</run_address>
         <size>0xb8</size>
         <alignment>0x4</alignment>
         <input_file_ref idref="fl-7"/>
      </object_component>
      <object_component id="oc-a8">
         <name>.text.InitializeBoosterpack</name>
         <load_address>0x1228</load_address>
         <readonly>true</readonly>
         <executable>true</executable>
         <run_address>0x1228</run_address>
         <size>0xac</size>
         <alignment>0x4</alignment>
         <input_file_ref idref="fl-4"/>
      </object_component>
      <object_component id="oc-16d">
         <name>.text.commandList</name>
         <load_address>0x12d4</load_address>
         <readonly>true</readonly>
         <executable>true</executable>
         <run_address>0x12d4</run_address>
         <size>0xa2</size>
         <alignment>0x2</alignment>
         <input_file_ref idref="fl-3"/>
      </object_component>
      <object_component id="oc-110">
         <name>.text.__aeabi_idiv0</name>
         <load_address>0x1376</load_address>
         <readonly>true</readonly>
         <executable>true</executable>
         <run_address>0x1376</run_address>
         <size>0x2</size>
         <alignment>0x2</alignment>
         <input_file_ref idref="fl-118"/>
      </object_component>
      <object_component id="oc-119">
         <name>.text.ST7735_InitR</name>
         <load_address>0x1378</load_address>
         <readonly>true</readonly>
         <executable>true</executable>
         <run_address>0x1378</run_address>
         <size>0x90</size>
         <alignment>0x4</alignment>
         <input_file_ref idref="fl-3"/>
      </object_component>
      <object_component id="oc-136">
         <name>.text.__mulsf3</name>
         <load_address>0x1408</load_address>
         <readonly>true</readonly>
         <executable>true</executable>
         <run_address>0x1408</run_address>
         <size>0x8c</size>
         <alignment>0x4</alignment>
         <input_file_ref idref="fl-103"/>
      </object_component>
      <object_component id="oc-179">
         <name>.text.setAddrWindow</name>
         <load_address>0x1494</load_address>
         <readonly>true</readonly>
         <executable>true</executable>
         <run_address>0x1494</run_address>
         <size>0x88</size>
         <alignment>0x4</alignment>
         <input_file_ref idref="fl-3"/>
      </object_component>
      <object_component id="oc-178">
         <name>.text.I2CFillTXFIFO</name>
         <load_address>0x151c</load_address>
         <readonly>true</readonly>
         <executable>true</executable>
         <run_address>0x151c</run_address>
         <size>0x84</size>
         <alignment>0x4</alignment>
         <input_file_ref idref="fl-8"/>
      </object_component>
      <object_component id="oc-1a7">
         <name>.text.LCD_DrawString</name>
         <load_address>0x15a0</load_address>
         <readonly>true</readonly>
         <executable>true</executable>
         <run_address>0x15a0</run_address>
         <size>0x84</size>
         <alignment>0x2</alignment>
         <input_file_ref idref="fl-3"/>
      </object_component>
      <object_component id="oc-ae">
         <name>.text.__NVIC_SetPriority</name>
         <load_address>0x1624</load_address>
         <readonly>true</readonly>
         <executable>true</executable>
         <run_address>0x1624</run_address>
         <size>0x84</size>
         <alignment>0x4</alignment>
         <input_file_ref idref="fl-1"/>
      </object_component>
      <object_component id="oc-ce">
         <name>.text.__divsf3</name>
         <load_address>0x16a8</load_address>
         <readonly>true</readonly>
         <executable>true</executable>
         <run_address>0x16a8</run_address>
         <size>0x82</size>
         <alignment>0x4</alignment>
         <input_file_ref idref="fl-104"/>
      </object_component>
      <object_component id="oc-1c">
         <name>.text:decompress:lzss</name>
         <load_address>0x172c</load_address>
         <readonly>true</readonly>
         <executable>true</executable>
         <run_address>0x172c</run_address>
         <size>0x7c</size>
         <alignment>0x4</alignment>
         <input_file_ref idref="fl-3d"/>
      </object_component>
      <object_component id="oc-41">
         <name>.text.ADC0_IRQHandler</name>
         <load_address>0x17a8</load_address>
         <readonly>true</readonly>
         <executable>true</executable>
         <run_address>0x17a8</run_address>
         <size>0x8</size>
         <alignment>0x2</alignment>
         <input_file_ref idref="fl-9"/>
      </object_component>
      <object_component id="oc-12e">
         <name>.text.__truncdfsf2</name>
         <load_address>0x17b0</load_address>
         <readonly>true</readonly>
         <executable>true</executable>
         <run_address>0x17b0</run_address>
         <size>0x74</size>
         <alignment>0x10</alignment>
         <input_file_ref idref="fl-10b"/>
      </object_component>
      <object_component id="oc-1ab">
         <name>.text.LCD_DrawPixel</name>
         <load_address>0x1824</load_address>
         <readonly>true</readonly>
         <executable>true</executable>
         <run_address>0x1824</run_address>
         <size>0x70</size>
         <alignment>0x4</alignment>
         <input_file_ref idref="fl-3"/>
      </object_component>
      <object_component id="oc-d6">
         <name>.text.playNote</name>
         <load_address>0x1894</load_address>
         <readonly>true</readonly>
         <executable>true</executable>
         <run_address>0x1894</run_address>
         <size>0x6c</size>
         <alignment>0x4</alignment>
         <input_file_ref idref="fl-1"/>
      </object_component>
      <object_component id="oc-b3">
         <name>.text.InitializeTimerClock</name>
         <load_address>0x1900</load_address>
         <readonly>true</readonly>
         <executable>true</executable>
         <run_address>0x1900</run_address>
         <size>0x68</size>
         <alignment>0x4</alignment>
         <input_file_ref idref="fl-c"/>
      </object_component>
      <object_component id="oc-cd">
         <name>.text.sensorOpt3001Convert</name>
         <load_address>0x1968</load_address>
         <readonly>true</readonly>
         <executable>true</executable>
         <run_address>0x1968</run_address>
         <size>0x64</size>
         <alignment>0x4</alignment>
         <input_file_ref idref="fl-a"/>
      </object_component>
      <object_component id="oc-d2">
         <name>.text.__aeabi_fcmp</name>
         <load_address>0x19cc</load_address>
         <readonly>true</readonly>
         <executable>true</executable>
         <run_address>0x19cc</run_address>
         <size>0x62</size>
         <alignment>0x4</alignment>
         <input_file_ref idref="fl-10d"/>
      </object_component>
      <object_component id="oc-cc">
         <name>.text.sensorOpt3001Read</name>
         <load_address>0x1a2e</load_address>
         <readonly>true</readonly>
         <executable>true</executable>
         <run_address>0x1a2e</run_address>
         <size>0x5e</size>
         <alignment>0x2</alignment>
         <input_file_ref idref="fl-a"/>
      </object_component>
      <object_component id="oc-18e">
         <name>.text.CPUCyclesPer1us</name>
         <load_address>0x1a8c</load_address>
         <readonly>true</readonly>
         <executable>true</executable>
         <run_address>0x1a8c</run_address>
         <size>0x58</size>
         <alignment>0x4</alignment>
         <input_file_ref idref="fl-6"/>
      </object_component>
      <object_component id="oc-9a">
         <name>.text.Group1CallbackFunction</name>
         <load_address>0x1ae4</load_address>
         <readonly>true</readonly>
         <executable>true</executable>
         <run_address>0x1ae4</run_address>
         <size>0x50</size>
         <alignment>0x4</alignment>
         <input_file_ref idref="fl-1"/>
      </object_component>
      <object_component id="oc-c9">
         <name>.text.UpdateDutyCycle</name>
         <load_address>0x1b34</load_address>
         <readonly>true</readonly>
         <executable>true</executable>
         <run_address>0x1b34</run_address>
         <size>0x4c</size>
         <alignment>0x4</alignment>
         <input_file_ref idref="fl-c"/>
      </object_component>
      <object_component id="oc-147">
         <name>.text.displayNote</name>
         <load_address>0x1b80</load_address>
         <readonly>true</readonly>
         <executable>true</executable>
         <run_address>0x1b80</run_address>
         <size>0x4c</size>
         <alignment>0x4</alignment>
         <input_file_ref idref="fl-1"/>
      </object_component>
      <object_component id="oc-af">
         <name>.text.__aeabi_uidivmod</name>
         <load_address>0x1bcc</load_address>
         <readonly>true</readonly>
         <executable>true</executable>
         <run_address>0x1bcc</run_address>
         <size>0x40</size>
         <alignment>0x4</alignment>
         <input_file_ref idref="fl-111"/>
      </object_component>
      <object_component id="oc-132">
         <name>.text.__floatsisf</name>
         <load_address>0x1c0c</load_address>
         <readonly>true</readonly>
         <executable>true</executable>
         <run_address>0x1c0c</run_address>
         <size>0x3c</size>
         <alignment>0x4</alignment>
         <input_file_ref idref="fl-109"/>
      </object_component>
      <object_component id="oc-140">
         <name>.text.__gtsf2</name>
         <load_address>0x1c48</load_address>
         <readonly>true</readonly>
         <executable>true</executable>
         <run_address>0x1c48</run_address>
         <size>0x3c</size>
         <alignment>0x4</alignment>
         <input_file_ref idref="fl-113"/>
      </object_component>
      <object_component id="oc-ea">
         <name>.text:__TI_auto_init_nobinit_nopinit</name>
         <load_address>0x1c84</load_address>
         <readonly>true</readonly>
         <executable>true</executable>
         <run_address>0x1c84</run_address>
         <size>0x3c</size>
         <alignment>0x4</alignment>
         <input_file_ref idref="fl-38"/>
      </object_component>
      <object_component id="oc-13b">
         <name>.text.__eqsf2</name>
         <load_address>0x1cc0</load_address>
         <readonly>true</readonly>
         <executable>true</executable>
         <run_address>0x1cc0</run_address>
         <size>0x3a</size>
         <alignment>0x4</alignment>
         <input_file_ref idref="fl-113"/>
      </object_component>
      <object_component id="oc-17b">
         <name>.text.__muldsi3</name>
         <load_address>0x1cfc</load_address>
         <readonly>true</readonly>
         <executable>true</executable>
         <run_address>0x1cfc</run_address>
         <size>0x3a</size>
         <alignment>0x4</alignment>
         <input_file_ref idref="fl-102"/>
      </object_component>
      <object_component id="oc-104">
         <name>.text.ActivatePortAandB</name>
         <load_address>0x1d38</load_address>
         <readonly>true</readonly>
         <executable>true</executable>
         <run_address>0x1d38</run_address>
         <size>0x38</size>
         <alignment>0x4</alignment>
         <input_file_ref idref="fl-6"/>
      </object_component>
      <object_component id="oc-184">
         <name>.text.__fixsfsi</name>
         <load_address>0x1d70</load_address>
         <readonly>true</readonly>
         <executable>true</executable>
         <run_address>0x1d70</run_address>
         <size>0x38</size>
         <alignment>0x4</alignment>
         <input_file_ref idref="fl-116"/>
      </object_component>
      <object_component id="oc-c4">
         <name>.text.InitializeOpt3001Sensor</name>
         <load_address>0x1da8</load_address>
         <readonly>true</readonly>
         <executable>true</executable>
         <run_address>0x1da8</run_address>
         <size>0x34</size>
         <alignment>0x4</alignment>
         <input_file_ref idref="fl-a"/>
      </object_component>
      <object_component id="oc-170">
         <name>.text.LCD_SetCursor</name>
         <load_address>0x1ddc</load_address>
         <readonly>true</readonly>
         <executable>true</executable>
         <run_address>0x1ddc</run_address>
         <size>0x34</size>
         <alignment>0x4</alignment>
         <input_file_ref idref="fl-3"/>
      </object_component>
      <object_component id="oc-143">
         <name>.text.__fixunssfsi</name>
         <load_address>0x1e10</load_address>
         <readonly>true</readonly>
         <executable>true</executable>
         <run_address>0x1e10</run_address>
         <size>0x32</size>
         <alignment>0x4</alignment>
         <input_file_ref idref="fl-107"/>
      </object_component>
      <object_component id="oc-19f">
         <name>.text.SPISendByte</name>
         <load_address>0x1e44</load_address>
         <readonly>true</readonly>
         <executable>true</executable>
         <run_address>0x1e44</run_address>
         <size>0x30</size>
         <alignment>0x4</alignment>
         <input_file_ref idref="fl-5"/>
      </object_component>
      <object_component id="oc-142">
         <name>.text.setPeriod</name>
         <load_address>0x1e74</load_address>
         <readonly>true</readonly>
         <executable>true</executable>
         <run_address>0x1e74</run_address>
         <size>0x30</size>
         <alignment>0x4</alignment>
         <input_file_ref idref="fl-1"/>
      </object_component>
      <object_component id="oc-d7">
         <name>.text.ClockDelay_1ms</name>
         <load_address>0x1ea4</load_address>
         <readonly>true</readonly>
         <executable>true</executable>
         <run_address>0x1ea4</run_address>
         <size>0x2c</size>
         <alignment>0x2</alignment>
         <input_file_ref idref="fl-7"/>
      </object_component>
      <object_component id="oc-ca">
         <name>.text.LCD_FillScreen</name>
         <load_address>0x1ed0</load_address>
         <readonly>true</readonly>
         <executable>true</executable>
         <run_address>0x1ed0</run_address>
         <size>0x2c</size>
         <alignment>0x4</alignment>
         <input_file_ref idref="fl-3"/>
      </object_component>
      <object_component id="oc-ad">
         <name>.text.__NVIC_EnableIRQ</name>
         <load_address>0x1efc</load_address>
         <readonly>true</readonly>
         <executable>true</executable>
         <run_address>0x1efc</run_address>
         <size>0x2c</size>
         <alignment>0x4</alignment>
         <input_file_ref idref="fl-1"/>
      </object_component>
      <object_component id="oc-126">
         <name>.text.__floatsidf</name>
         <load_address>0x1f28</load_address>
         <readonly>true</readonly>
         <executable>true</executable>
         <run_address>0x1f28</run_address>
         <size>0x2c</size>
         <alignment>0x4</alignment>
         <input_file_ref idref="fl-108"/>
      </object_component>
      <object_component id="oc-cb">
         <name>.text.EnableTimer</name>
         <load_address>0x1f54</load_address>
         <readonly>true</readonly>
         <executable>true</executable>
         <run_address>0x1f54</run_address>
         <size>0x28</size>
         <alignment>0x4</alignment>
         <input_file_ref idref="fl-c"/>
      </object_component>
      <object_component id="oc-b8">
         <name>.text.InitializeTimerCompare</name>
         <load_address>0x1f7c</load_address>
         <readonly>true</readonly>
         <executable>true</executable>
         <run_address>0x1f7c</run_address>
         <size>0x28</size>
         <alignment>0x4</alignment>
         <input_file_ref idref="fl-c"/>
      </object_component>
      <object_component id="oc-16e">
         <name>.text.SPI_OutCommand</name>
         <load_address>0x1fa4</load_address>
         <readonly>true</readonly>
         <executable>true</executable>
         <run_address>0x1fa4</run_address>
         <size>0x28</size>
         <alignment>0x4</alignment>
         <input_file_ref idref="fl-3"/>
      </object_component>
      <object_component id="oc-16f">
         <name>.text.SPI_OutData</name>
         <load_address>0x1fcc</load_address>
         <readonly>true</readonly>
         <executable>true</executable>
         <run_address>0x1fcc</run_address>
         <size>0x28</size>
         <alignment>0x4</alignment>
         <input_file_ref idref="fl-3"/>
      </object_component>
      <object_component id="oc-70">
         <name>.text:_c_int00_noargs</name>
         <load_address>0x1ff4</load_address>
         <readonly>true</readonly>
         <executable>true</executable>
         <run_address>0x1ff4</run_address>
         <size>0x28</size>
         <alignment>0x4</alignment>
         <input_file_ref idref="fl-36"/>
      </object_component>
      <object_component id="oc-18a">
         <name>.text.LCD_OutString</name>
         <load_address>0x201c</load_address>
         <readonly>true</readonly>
         <executable>true</executable>
         <run_address>0x201c</run_address>
         <size>0x26</size>
         <alignment>0x2</alignment>
         <input_file_ref idref="fl-3"/>
      </object_component>
      <object_component id="oc-1ad">
         <name>.text.pushColor</name>
         <load_address>0x2042</load_address>
         <readonly>true</readonly>
         <executable>true</executable>
         <run_address>0x2042</run_address>
         <size>0x1e</size>
         <alignment>0x2</alignment>
         <input_file_ref idref="fl-3"/>
      </object_component>
      <object_component id="oc-149">
         <name>.text.CPUCyclesPer1ms</name>
         <load_address>0x2060</load_address>
         <readonly>true</readonly>
         <executable>true</executable>
         <run_address>0x2060</run_address>
         <size>0x18</size>
         <alignment>0x2</alignment>
         <input_file_ref idref="fl-6"/>
      </object_component>
      <object_component id="oc-67">
         <name>.text:decompress:ZI:__TI_zero_init_nomemset</name>
         <load_address>0x2078</load_address>
         <readonly>true</readonly>
         <executable>true</executable>
         <run_address>0x2078</run_address>
         <size>0x16</size>
         <alignment>0x2</alignment>
         <input_file_ref idref="fl-3b"/>
      </object_component>
      <object_component id="oc-10a">
         <name>.text.BP_TurnOffBlueLED</name>
         <load_address>0x2090</load_address>
         <readonly>true</readonly>
         <executable>true</executable>
         <run_address>0x2090</run_address>
         <size>0x14</size>
         <alignment>0x4</alignment>
         <input_file_ref idref="fl-4"/>
      </object_component>
      <object_component id="oc-109">
         <name>.text.BP_TurnOffGreenLED</name>
         <load_address>0x20a4</load_address>
         <readonly>true</readonly>
         <executable>true</executable>
         <run_address>0x20a4</run_address>
         <size>0x14</size>
         <alignment>0x4</alignment>
         <input_file_ref idref="fl-4"/>
      </object_component>
      <object_component id="oc-189">
         <name>.text.LCD_SetTextColor</name>
         <load_address>0x20b8</load_address>
         <readonly>true</readonly>
         <executable>true</executable>
         <run_address>0x20b8</run_address>
         <size>0x14</size>
         <alignment>0x4</alignment>
         <input_file_ref idref="fl-3"/>
      </object_component>
      <object_component id="oc-9e">
         <name>.text:TI_memcpy_small</name>
         <load_address>0x20cc</load_address>
         <readonly>true</readonly>
         <executable>true</executable>
         <run_address>0x20cc</run_address>
         <size>0x12</size>
         <alignment>0x1</alignment>
         <input_file_ref idref="fl-11a"/>
      </object_component>
      <object_component id="oc-20">
         <name>.text:decompress:none</name>
         <load_address>0x20de</load_address>
         <readonly>true</readonly>
         <executable>true</executable>
         <run_address>0x20de</run_address>
         <size>0x12</size>
         <alignment>0x2</alignment>
         <input_file_ref idref="fl-3c"/>
      </object_component>
      <object_component id="oc-108">
         <name>.text.BP_TurnOffRedLED</name>
         <load_address>0x20f0</load_address>
         <readonly>true</readonly>
         <executable>true</executable>
         <run_address>0x20f0</run_address>
         <size>0x10</size>
         <alignment>0x4</alignment>
         <input_file_ref idref="fl-4"/>
      </object_component>
      <object_component id="oc-116">
         <name>.text.ClockDelay</name>
         <load_address>0x2100</load_address>
         <readonly>true</readonly>
         <executable>true</executable>
         <run_address>0x2100</run_address>
         <size>0x10</size>
         <alignment>0x2</alignment>
         <input_file_ref idref="fl-7"/>
      </object_component>
      <object_component id="oc-3e">
         <name>.text.GROUP1_IRQHandler</name>
         <load_address>0x2110</load_address>
         <readonly>true</readonly>
         <executable>true</executable>
         <run_address>0x2110</run_address>
         <size>0x10</size>
         <alignment>0x4</alignment>
         <input_file_ref idref="fl-9"/>
      </object_component>
      <object_component id="oc-3f">
         <name>.text.TIMG8_IRQHandler</name>
         <load_address>0x2120</load_address>
         <readonly>true</readonly>
         <executable>true</executable>
         <run_address>0x2120</run_address>
         <size>0x10</size>
         <alignment>0x4</alignment>
         <input_file_ref idref="fl-9"/>
      </object_component>
      <object_component id="oc-9d">
         <name>.text.Default_Callback</name>
         <load_address>0x2130</load_address>
         <readonly>true</readonly>
         <executable>true</executable>
         <run_address>0x2130</run_address>
         <size>0xe</size>
         <alignment>0x2</alignment>
         <input_file_ref idref="fl-9"/>
      </object_component>
      <object_component id="oc-ba">
         <name>.text.LCD_Init</name>
         <load_address>0x213e</load_address>
         <readonly>true</readonly>
         <executable>true</executable>
         <run_address>0x213e</run_address>
         <size>0xa</size>
         <alignment>0x2</alignment>
         <input_file_ref idref="fl-3"/>
      </object_component>
      <object_component id="oc-42">
         <name>.text.ADC1_IRQHandler</name>
         <load_address>0x2148</load_address>
         <readonly>true</readonly>
         <executable>true</executable>
         <run_address>0x2148</run_address>
         <size>0x8</size>
         <alignment>0x2</alignment>
         <input_file_ref idref="fl-9"/>
      </object_component>
      <object_component id="oc-52">
         <name>.text.AES_IRQHandler</name>
         <load_address>0x2150</load_address>
         <readonly>true</readonly>
         <executable>true</executable>
         <run_address>0x2150</run_address>
         <size>0x8</size>
         <alignment>0x2</alignment>
         <input_file_ref idref="fl-9"/>
      </object_component>
      <object_component id="oc-43">
         <name>.text.CANFD0_IRQHandler</name>
         <load_address>0x2158</load_address>
         <readonly>true</readonly>
         <executable>true</executable>
         <run_address>0x2158</run_address>
         <size>0x8</size>
         <alignment>0x2</alignment>
         <input_file_ref idref="fl-9"/>
      </object_component>
      <object_component id="oc-44">
         <name>.text.DAC0_IRQHandler</name>
         <load_address>0x2160</load_address>
         <readonly>true</readonly>
         <executable>true</executable>
         <run_address>0x2160</run_address>
         <size>0x8</size>
         <alignment>0x2</alignment>
         <input_file_ref idref="fl-9"/>
      </object_component>
      <object_component id="oc-54">
         <name>.text.DMA_IRQHandler</name>
         <load_address>0x2168</load_address>
         <readonly>true</readonly>
         <executable>true</executable>
         <run_address>0x2168</run_address>
         <size>0x8</size>
         <alignment>0x2</alignment>
         <input_file_ref idref="fl-9"/>
      </object_component>
      <object_component id="oc-11c">
         <name>.text.Error_Handler</name>
         <load_address>0x2170</load_address>
         <readonly>true</readonly>
         <executable>true</executable>
         <run_address>0x2170</run_address>
         <size>0x8</size>
         <alignment>0x2</alignment>
         <input_file_ref idref="fl-6"/>
      </object_component>
      <object_component id="oc-39">
         <name>.text.GROUP0_IRQHandler</name>
         <load_address>0x2178</load_address>
         <readonly>true</readonly>
         <executable>true</executable>
         <run_address>0x2178</run_address>
         <size>0x8</size>
         <alignment>0x2</alignment>
         <input_file_ref idref="fl-9"/>
      </object_component>
      <object_component id="oc-50">
         <name>.text.I2C0_IRQHandler</name>
         <load_address>0x2180</load_address>
         <readonly>true</readonly>
         <executable>true</executable>
         <run_address>0x2180</run_address>
         <size>0x8</size>
         <alignment>0x2</alignment>
         <input_file_ref idref="fl-9"/>
      </object_component>
      <object_component id="oc-51">
         <name>.text.I2C1_IRQHandler</name>
         <load_address>0x2188</load_address>
         <readonly>true</readonly>
         <executable>true</executable>
         <run_address>0x2188</run_address>
         <size>0x8</size>
         <alignment>0x2</alignment>
         <input_file_ref idref="fl-9"/>
      </object_component>
      <object_component id="oc-53">
         <name>.text.RTC_IRQHandler</name>
         <load_address>0x2190</load_address>
         <readonly>true</readonly>
         <executable>true</executable>
         <run_address>0x2190</run_address>
         <size>0x8</size>
         <alignment>0x2</alignment>
         <input_file_ref idref="fl-9"/>
      </object_component>
      <object_component id="oc-45">
         <name>.text.SPI0_IRQHandler</name>
         <load_address>0x2198</load_address>
         <readonly>true</readonly>
         <executable>true</executable>
         <run_address>0x2198</run_address>
         <size>0x8</size>
         <alignment>0x2</alignment>
         <input_file_ref idref="fl-9"/>
      </object_component>
      <object_component id="oc-46">
         <name>.text.SPI1_IRQHandler</name>
         <load_address>0x21a0</load_address>
         <readonly>true</readonly>
         <executable>true</executable>
         <run_address>0x21a0</run_address>
         <size>0x8</size>
         <alignment>0x2</alignment>
         <input_file_ref idref="fl-9"/>
      </object_component>
      <object_component id="oc-34">
         <name>.text.SysTick_Handler</name>
         <load_address>0x21a8</load_address>
         <readonly>true</readonly>
         <executable>true</executable>
         <run_address>0x21a8</run_address>
         <size>0x8</size>
         <alignment>0x2</alignment>
         <input_file_ref idref="fl-b"/>
      </object_component>
      <object_component id="oc-4c">
         <name>.text.TIMA0_IRQHandler</name>
         <load_address>0x21b0</load_address>
         <readonly>true</readonly>
         <executable>true</executable>
         <run_address>0x21b0</run_address>
         <size>0x8</size>
         <alignment>0x2</alignment>
         <input_file_ref idref="fl-9"/>
      </object_component>
      <object_component id="oc-4d">
         <name>.text.TIMA1_IRQHandler</name>
         <load_address>0x21b8</load_address>
         <readonly>true</readonly>
         <executable>true</executable>
         <run_address>0x21b8</run_address>
         <size>0x8</size>
         <alignment>0x2</alignment>
         <input_file_ref idref="fl-9"/>
      </object_component>
      <object_component id="oc-4a">
         <name>.text.TIMG0_IRQHandler</name>
         <load_address>0x21c0</load_address>
         <readonly>true</readonly>
         <executable>true</executable>
         <run_address>0x21c0</run_address>
         <size>0x8</size>
         <alignment>0x2</alignment>
         <input_file_ref idref="fl-9"/>
      </object_component>
      <object_component id="oc-4f">
         <name>.text.TIMG12_IRQHandler</name>
         <load_address>0x21c8</load_address>
         <readonly>true</readonly>
         <executable>true</executable>
         <run_address>0x21c8</run_address>
         <size>0x8</size>
         <alignment>0x2</alignment>
         <input_file_ref idref="fl-9"/>
      </object_component>
      <object_component id="oc-4b">
         <name>.text.TIMG6_IRQHandler</name>
         <load_address>0x21d0</load_address>
         <readonly>true</readonly>
         <executable>true</executable>
         <run_address>0x21d0</run_address>
         <size>0x8</size>
         <alignment>0x2</alignment>
         <input_file_ref idref="fl-9"/>
      </object_component>
      <object_component id="oc-4e">
         <name>.text.TIMG7_IRQHandler</name>
         <load_address>0x21d8</load_address>
         <readonly>true</readonly>
         <executable>true</executable>
         <run_address>0x21d8</run_address>
         <size>0x8</size>
         <alignment>0x2</alignment>
         <input_file_ref idref="fl-9"/>
      </object_component>
      <object_component id="oc-49">
         <name>.text.UART0_IRQHandler</name>
         <load_address>0x21e0</load_address>
         <readonly>true</readonly>
         <executable>true</executable>
         <run_address>0x21e0</run_address>
         <size>0x8</size>
         <alignment>0x2</alignment>
         <input_file_ref idref="fl-9"/>
      </object_component>
      <object_component id="oc-47">
         <name>.text.UART1_IRQHandler</name>
         <load_address>0x21e8</load_address>
         <readonly>true</readonly>
         <executable>true</executable>
         <run_address>0x21e8</run_address>
         <size>0x8</size>
         <alignment>0x2</alignment>
         <input_file_ref idref="fl-9"/>
      </object_component>
      <object_component id="oc-48">
         <name>.text.UART2_IRQHandler</name>
         <load_address>0x21f0</load_address>
         <readonly>true</readonly>
         <executable>true</executable>
         <run_address>0x21f0</run_address>
         <size>0x8</size>
         <alignment>0x2</alignment>
         <input_file_ref idref="fl-9"/>
      </object_component>
      <object_component id="oc-40">
         <name>.text.UART3_IRQHandler</name>
         <load_address>0x21f8</load_address>
         <readonly>true</readonly>
         <executable>true</executable>
         <run_address>0x21f8</run_address>
         <size>0x8</size>
         <alignment>0x2</alignment>
         <input_file_ref idref="fl-9"/>
      </object_component>
      <object_component id="oc-60">
         <name>.text.__aeabi_memcpy</name>
         <load_address>0x2200</load_address>
         <readonly>true</readonly>
         <executable>true</executable>
         <run_address>0x2200</run_address>
         <size>0x8</size>
         <alignment>0x4</alignment>
         <input_file_ref idref="fl-10f"/>
      </object_component>
      <object_component id="oc-77">
         <name>.text.TaskSchedulerISR</name>
         <load_address>0x2208</load_address>
         <readonly>true</readonly>
         <executable>true</executable>
         <run_address>0x2208</run_address>
         <size>0x6</size>
         <alignment>0x2</alignment>
         <input_file_ref idref="fl-b"/>
      </object_component>
      <object_component id="oc-e3">
         <name>.text:abort</name>
         <load_address>0x220e</load_address>
         <readonly>true</readonly>
         <executable>true</executable>
         <run_address>0x220e</run_address>
         <size>0x6</size>
         <alignment>0x2</alignment>
         <input_file_ref idref="fl-43"/>
      </object_component>
      <object_component id="oc-33">
         <name>.text.Default_Handler</name>
         <load_address>0x2214</load_address>
         <readonly>true</readonly>
         <executable>true</executable>
         <run_address>0x2214</run_address>
         <size>0x4</size>
         <alignment>0x2</alignment>
         <input_file_ref idref="fl-2"/>
      </object_component>
      <object_component id="oc-158">
         <name>.text.HOSTexit</name>
         <load_address>0x2218</load_address>
         <readonly>true</readonly>
         <executable>true</executable>
         <run_address>0x2218</run_address>
         <size>0x4</size>
         <alignment>0x2</alignment>
         <input_file_ref idref="fl-f0"/>
      </object_component>
      <object_component id="oc-2f">
         <name>.text.Reset_Handler</name>
         <load_address>0x221c</load_address>
         <readonly>true</readonly>
         <executable>true</executable>
         <run_address>0x221c</run_address>
         <size>0x4</size>
         <alignment>0x2</alignment>
         <input_file_ref idref="fl-2"/>
      </object_component>
      <object_component id="oc-88">
         <name>.text._system_pre_init</name>
         <load_address>0x2220</load_address>
         <readonly>true</readonly>
         <executable>true</executable>
         <run_address>0x2220</run_address>
         <size>0x4</size>
         <alignment>0x2</alignment>
         <input_file_ref idref="fl-39"/>
      </object_component>
      <object_component id="oc-1ef">
         <name>.cinit..data.load</name>
         <load_address>0x2a38</load_address>
         <readonly>true</readonly>
         <run_address>0x2a38</run_address>
         <size>0x3e</size>
         <alignment>0x1</alignment>
      </object_component>
      <object_component id="oc-1ed">
         <name>__TI_handler_table</name>
         <load_address>0x2a78</load_address>
         <readonly>true</readonly>
         <run_address>0x2a78</run_address>
         <size>0xc</size>
         <alignment>0x4</alignment>
      </object_component>
      <object_component id="oc-1f0">
         <name>.cinit..bss.load</name>
         <load_address>0x2a84</load_address>
         <readonly>true</readonly>
         <run_address>0x2a84</run_address>
         <size>0x8</size>
         <alignment>0x4</alignment>
      </object_component>
      <object_component id="oc-1ee">
         <name>__TI_cinit_table</name>
         <load_address>0x2a8c</load_address>
         <readonly>true</readonly>
         <run_address>0x2a8c</run_address>
         <size>0x10</size>
         <alignment>0x4</alignment>
      </object_component>
      <object_component id="oc-1ac">
         <name>.rodata.Font</name>
         <load_address>0x2230</load_address>
         <readonly>true</readonly>
         <run_address>0x2230</run_address>
         <size>0x500</size>
         <alignment>0x1</alignment>
         <input_file_ref idref="fl-3"/>
      </object_component>
      <object_component id="oc-dc">
         <name>.rodata..L__const.main.song</name>
         <load_address>0x2730</load_address>
         <readonly>true</readonly>
         <run_address>0x2730</run_address>
         <size>0x228</size>
         <alignment>0x4</alignment>
         <input_file_ref idref="fl-1"/>
      </object_component>
      <object_component id="oc-171">
         <name>.rodata.Rcmd1</name>
         <load_address>0x2958</load_address>
         <readonly>true</readonly>
         <run_address>0x2958</run_address>
         <size>0x3b</size>
         <alignment>0x1</alignment>
         <input_file_ref idref="fl-3"/>
      </object_component>
      <object_component id="oc-176">
         <name>.rodata.Rcmd3</name>
         <load_address>0x2993</load_address>
         <readonly>true</readonly>
         <run_address>0x2993</run_address>
         <size>0x2b</size>
         <alignment>0x1</alignment>
         <input_file_ref idref="fl-3"/>
      </object_component>
      <object_component id="oc-1a9">
         <name>.rodata.str1.9522760866108295983.1</name>
         <load_address>0x29be</load_address>
         <readonly>true</readonly>
         <run_address>0x29be</run_address>
         <size>0x16</size>
         <alignment>0x1</alignment>
         <input_file_ref idref="fl-3"/>
      </object_component>
      <object_component id="oc-173">
         <name>.rodata.Rcmd2green</name>
         <load_address>0x29d4</load_address>
         <readonly>true</readonly>
         <run_address>0x29d4</run_address>
         <size>0xd</size>
         <alignment>0x1</alignment>
         <input_file_ref idref="fl-3"/>
      </object_component>
      <object_component id="oc-172">
         <name>.rodata.Rcmd2red</name>
         <load_address>0x29e1</load_address>
         <readonly>true</readonly>
         <run_address>0x29e1</run_address>
         <size>0xd</size>
         <alignment>0x1</alignment>
         <input_file_ref idref="fl-3"/>
      </object_component>
      <object_component id="oc-18c">
         <name>.rodata.str1.14402440632258215044.1</name>
         <load_address>0x29ee</load_address>
         <readonly>true</readonly>
         <run_address>0x29ee</run_address>
         <size>0xb</size>
         <alignment>0x1</alignment>
         <input_file_ref idref="fl-1"/>
      </object_component>
      <object_component id="oc-18d">
         <name>.rodata.str1.2123964117280943167.1</name>
         <load_address>0x29f9</load_address>
         <readonly>true</readonly>
         <run_address>0x29f9</run_address>
         <size>0xb</size>
         <alignment>0x1</alignment>
         <input_file_ref idref="fl-1"/>
      </object_component>
      <object_component id="oc-fc">
         <name>.rodata.NextStateTable</name>
         <load_address>0x2a04</load_address>
         <readonly>true</readonly>
         <run_address>0x2a04</run_address>
         <size>0x8</size>
         <alignment>0x1</alignment>
         <input_file_ref idref="fl-1"/>
      </object_component>
      <object_component id="oc-18b">
         <name>.rodata.str1.15996357275703397564.1</name>
         <load_address>0x2a0c</load_address>
         <readonly>true</readonly>
         <run_address>0x2a0c</run_address>
         <size>0x7</size>
         <alignment>0x1</alignment>
         <input_file_ref idref="fl-1"/>
      </object_component>
      <object_component id="oc-151">
         <name>.rodata.str1.12180500075719773345.1</name>
         <load_address>0x2a13</load_address>
         <readonly>true</readonly>
         <run_address>0x2a13</run_address>
         <size>0x3</size>
         <alignment>0x1</alignment>
         <input_file_ref idref="fl-1"/>
      </object_component>
      <object_component id="oc-153">
         <name>.rodata.str1.14112174005742061988.1</name>
         <load_address>0x2a16</load_address>
         <readonly>true</readonly>
         <run_address>0x2a16</run_address>
         <size>0x3</size>
         <alignment>0x1</alignment>
         <input_file_ref idref="fl-1"/>
      </object_component>
      <object_component id="oc-14c">
         <name>.rodata.str1.15159059442110792349.1</name>
         <load_address>0x2a19</load_address>
         <readonly>true</readonly>
         <run_address>0x2a19</run_address>
         <size>0x3</size>
         <alignment>0x1</alignment>
         <input_file_ref idref="fl-1"/>
      </object_component>
      <object_component id="oc-155">
         <name>.rodata.str1.16265332423659789559.1</name>
         <load_address>0x2a1c</load_address>
         <readonly>true</readonly>
         <run_address>0x2a1c</run_address>
         <size>0x3</size>
         <alignment>0x1</alignment>
         <input_file_ref idref="fl-1"/>
      </object_component>
      <object_component id="oc-14e">
         <name>.rodata.str1.17100691992556644108.1</name>
         <load_address>0x2a1f</load_address>
         <readonly>true</readonly>
         <run_address>0x2a1f</run_address>
         <size>0x3</size>
         <alignment>0x1</alignment>
         <input_file_ref idref="fl-1"/>
      </object_component>
      <object_component id="oc-14f">
         <name>.rodata.str1.18227636981041470289.1</name>
         <load_address>0x2a22</load_address>
         <readonly>true</readonly>
         <run_address>0x2a22</run_address>
         <size>0x3</size>
         <alignment>0x1</alignment>
         <input_file_ref idref="fl-1"/>
      </object_component>
      <object_component id="oc-150">
         <name>.rodata.str1.2846389346932560359.1</name>
         <load_address>0x2a25</load_address>
         <readonly>true</readonly>
         <run_address>0x2a25</run_address>
         <size>0x3</size>
         <alignment>0x1</alignment>
         <input_file_ref idref="fl-1"/>
      </object_component>
      <object_component id="oc-152">
         <name>.rodata.str1.288608917962107522.1</name>
         <load_address>0x2a28</load_address>
         <readonly>true</readonly>
         <run_address>0x2a28</run_address>
         <size>0x3</size>
         <alignment>0x1</alignment>
         <input_file_ref idref="fl-1"/>
      </object_component>
      <object_component id="oc-154">
         <name>.rodata.str1.7702501944640899365.1</name>
         <load_address>0x2a2b</load_address>
         <readonly>true</readonly>
         <run_address>0x2a2b</run_address>
         <size>0x3</size>
         <alignment>0x1</alignment>
         <input_file_ref idref="fl-1"/>
      </object_component>
      <object_component id="oc-14d">
         <name>.rodata.str1.8154729771448623357.1</name>
         <load_address>0x2a2e</load_address>
         <readonly>true</readonly>
         <run_address>0x2a2e</run_address>
         <size>0x3</size>
         <alignment>0x1</alignment>
         <input_file_ref idref="fl-1"/>
      </object_component>
      <object_component id="oc-1b7">
         <name>.binit</name>
         <load_address>0x0</load_address>
         <readonly>true</readonly>
         <run_address>0x0</run_address>
         <size>0x0</size>
         <alignment>0x4</alignment>
      </object_component>
      <object_component id="oc-e0">
         <name>.data.PWMTimerClockConfig</name>
         <load_address>0x20200020</load_address>
         <readwrite>true</readwrite>
         <run_address>0x20200020</run_address>
         <size>0xc</size>
         <alignment>0x4</alignment>
         <input_file_ref idref="fl-1"/>
      </object_component>
      <object_component id="oc-df">
         <name>.data.PWMTimerConfig</name>
         <load_address>0x20200034</load_address>
         <readwrite>true</readwrite>
         <run_address>0x20200034</run_address>
         <size>0x8</size>
         <alignment>0x4</alignment>
         <input_file_ref idref="fl-1"/>
      </object_component>
      <object_component id="oc-e1">
         <name>.data.PWMTimerPWMConfig</name>
         <load_address>0x20200000</load_address>
         <readwrite>true</readwrite>
         <run_address>0x20200000</run_address>
         <size>0x20</size>
         <alignment>0x4</alignment>
         <input_file_ref idref="fl-1"/>
      </object_component>
      <object_component id="oc-e2">
         <name>.data.i2c1_config</name>
         <load_address>0x20200044</load_address>
         <readwrite>true</readwrite>
         <run_address>0x20200044</run_address>
         <size>0x8</size>
         <alignment>0x4</alignment>
         <input_file_ref idref="fl-1"/>
      </object_component>
      <object_component id="oc-148">
         <name>.data.speed_factor</name>
         <load_address>0x20200058</load_address>
         <readwrite>true</readwrite>
         <run_address>0x20200058</run_address>
         <size>0x4</size>
         <alignment>0x4</alignment>
         <input_file_ref idref="fl-1"/>
      </object_component>
      <object_component id="oc-dd">
         <name>.data.ClockFrequency</name>
         <load_address>0x2020004c</load_address>
         <readwrite>true</readwrite>
         <run_address>0x2020004c</run_address>
         <size>0x4</size>
         <alignment>0x4</alignment>
         <input_file_ref idref="fl-1"/>
      </object_component>
      <object_component id="oc-7c">
         <name>.data.Group1</name>
         <load_address>0x2020002c</load_address>
         <readwrite>true</readwrite>
         <run_address>0x2020002c</run_address>
         <size>0x8</size>
         <alignment>0x4</alignment>
         <input_file_ref idref="fl-1"/>
      </object_component>
      <object_component id="oc-1a0">
         <name>.data.StX</name>
         <load_address>0x20200050</load_address>
         <readwrite>true</readwrite>
         <run_address>0x20200050</run_address>
         <size>0x4</size>
         <alignment>0x4</alignment>
         <input_file_ref idref="fl-3"/>
      </object_component>
      <object_component id="oc-1a1">
         <name>.data.StY</name>
         <load_address>0x20200054</load_address>
         <readwrite>true</readwrite>
         <run_address>0x20200054</run_address>
         <size>0x4</size>
         <alignment>0x4</alignment>
         <input_file_ref idref="fl-3"/>
      </object_component>
      <object_component id="oc-177">
         <name>.data.StTextColor</name>
         <load_address>0x2020005c</load_address>
         <readwrite>true</readwrite>
         <run_address>0x2020005c</run_address>
         <size>0x2</size>
         <alignment>0x2</alignment>
         <input_file_ref idref="fl-3"/>
      </object_component>
      <object_component id="oc-123">
         <name>.data._width</name>
         <load_address>0x20200060</load_address>
         <readwrite>true</readwrite>
         <run_address>0x20200060</run_address>
         <size>0x2</size>
         <alignment>0x2</alignment>
         <input_file_ref idref="fl-3"/>
      </object_component>
      <object_component id="oc-124">
         <name>.data._height</name>
         <load_address>0x2020005e</load_address>
         <readwrite>true</readwrite>
         <run_address>0x2020005e</run_address>
         <size>0x2</size>
         <alignment>0x2</alignment>
         <input_file_ref idref="fl-3"/>
      </object_component>
      <object_component id="oc-7e">
         <name>.data.TimerG8</name>
         <load_address>0x2020003c</load_address>
         <readwrite>true</readwrite>
         <run_address>0x2020003c</run_address>
         <size>0x8</size>
         <alignment>0x4</alignment>
         <input_file_ref idref="fl-9"/>
      </object_component>
      <object_component id="oc-174">
         <name>.bss.ColStart</name>
         <uninitialized>true</uninitialized>
         <readwrite>true</readwrite>
         <run_address>0x20200062</run_address>
         <size>0x1</size>
         <alignment>0x1</alignment>
         <input_file_ref idref="fl-3"/>
      </object_component>
      <object_component id="oc-175">
         <name>.bss.RowStart</name>
         <uninitialized>true</uninitialized>
         <readwrite>true</readwrite>
         <run_address>0x20200063</run_address>
         <size>0x1</size>
         <alignment>0x1</alignment>
         <input_file_ref idref="fl-3"/>
      </object_component>
      <object_component id="oc-1a">
         <name>.stack</name>
         <uninitialized>true</uninitialized>
         <readwrite>true</readwrite>
         <run_address>0x20207e00</run_address>
         <size>0x4</size>
         <alignment>0x4</alignment>
         <input_file_ref idref="fl-36"/>
      </object_component>
      <object_component id="oc-1f2">
         <name>.stack</name>
         <uninitialized>true</uninitialized>
         <readwrite>true</readwrite>
         <run_address>0x20207e00</run_address>
         <size>0x0</size>
         <alignment>0x8</alignment>
      </object_component>
      <object_component id="oc-9b">
         <name>.debug_abbrev</name>
         <load_address>0x0</load_address>
         <run_address>0x0</run_address>
         <size>0x1fd</size>
         <alignment>0x1</alignment>
         <input_file_ref idref="fl-1"/>
      </object_component>
      <object_component id="oc-55">
         <name>.debug_abbrev</name>
         <load_address>0x1fd</load_address>
         <run_address>0x1fd</run_address>
         <size>0x6d</size>
         <alignment>0x1</alignment>
         <input_file_ref idref="fl-2"/>
      </object_component>
      <object_component id="oc-11a">
         <name>.debug_abbrev</name>
         <load_address>0x26a</load_address>
[...]
      </symbol>
      <symbol id="sm-79">
         <name>HardFault_Handler</name>
         <value>0x2215</value>
         <object_component_ref idref="oc-33"/>
      </symbol>
      <symbol id="sm-7a">
         <name>SVC_Handler</name>
         <value>0x2215</value>
         <object_component_ref idref="oc-33"/>
      </symbol>
      <symbol id="sm-7b">
         <name>PendSV_Handler</name>
         <value>0x2215</value>
         <object_component_ref idref="oc-33"/>
      </symbol>
      <symbol id="sm-cd">
         <name>LCD_Init</name>
         <value>0x213f</value>
         <object_component_ref idref="oc-ba"/>
      </symbol>
      <symbol id="sm-ce">
         <name>LCD_SetCursor</name>
         <value>0x1ddd</value>
         <object_component_ref idref="oc-170"/>
      </symbol>
      <symbol id="sm-cf">
         <name>LCD_FillScreen</name>
         <value>0x1ed1</value>
         <object_component_ref idref="oc-ca"/>
      </symbol>
      <symbol id="sm-d0">
         <name>StTextColor</name>
         <value>0x2020005c</value>
         <object_component_ref idref="oc-177"/>
      </symbol>
      <symbol id="sm-d1">
         <name>LCD_DrawPixel</name>
         <value>0x1825</value>
         <object_component_ref idref="oc-1ab"/>
      </symbol>
      <symbol id="sm-d2">
         <name>LCD_FillRect</name>
         <value>0xa41</value>
         <object_component_ref idref="oc-122"/>
      </symbol>
      <symbol id="sm-d3">
         <name>LCD_DrawCharS</name>
         <value>0x621</value>
         <object_component_ref idref="oc-1a8"/>
      </symbol>
      <symbol id="sm-d4">
         <name>LCD_DrawChar</name>
         <value>0x479</value>
         <object_component_ref idref="oc-1aa"/>
      </symbol>
      <symbol id="sm-d5">
         <name>LCD_DrawString</name>
         <value>0x15a1</value>
         <object_component_ref idref="oc-1a7"/>
      </symbol>
      <symbol id="sm-d6">
         <name>StX</name>
         <value>0x20200050</value>
         <object_component_ref idref="oc-1a0"/>
      </symbol>
      <symbol id="sm-d7">
         <name>StY</name>
         <value>0x20200054</value>
         <object_component_ref idref="oc-1a1"/>
      </symbol>
      <symbol id="sm-d8">
         <name>LCD_OutChar</name>
         <value>0xfd5</value>
         <object_component_ref idref="oc-1a4"/>
      </symbol>
      <symbol id="sm-d9">
         <name>LCD_OutString</name>
         <value>0x201d</value>
         <object_component_ref idref="oc-18a"/>
      </symbol>
      <symbol id="sm-da">
         <name>LCD_SetTextColor</name>
         <value>0x20b9</value>
         <object_component_ref idref="oc-189"/>
      </symbol>
      <symbol id="sm-ed">
         <name>InitializeBoosterpack</name>
         <value>0x1229</value>
         <object_component_ref idref="oc-a8"/>
      </symbol>
      <symbol id="sm-ee">
         <name>BP_TurnOffRedLED</name>
         <value>0x20f1</value>
         <object_component_ref idref="oc-108"/>
      </symbol>
      <symbol id="sm-ef">
         <name>BP_TurnOffGreenLED</name>
         <value>0x20a5</value>
         <object_component_ref idref="oc-109"/>
      </symbol>
      <symbol id="sm-f0">
         <name>BP_TurnOffBlueLED</name>
         <value>0x2091</value>
         <object_component_ref idref="oc-10a"/>
      </symbol>
      <symbol id="sm-fd">
         <name>InitializeSPI</name>
         <value>0xd2d</value>
         <object_component_ref idref="oc-19a"/>
      </symbol>
      <symbol id="sm-fe">
         <name>SPISendByte</name>
         <value>0x1e45</value>
         <object_component_ref idref="oc-19f"/>
      </symbol>
      <symbol id="sm-10f">
         <name>Error_Handler</name>
         <value>0x2171</value>
         <object_component_ref idref="oc-11c"/>
      </symbol>
      <symbol id="sm-110">
         <name>CPUCyclesPer1us</name>
         <value>0x1a8d</value>
         <object_component_ref idref="oc-18e"/>
      </symbol>
      <symbol id="sm-111">
         <name>CPUCyclesPer1ms</name>
         <value>0x2061</value>
         <object_component_ref idref="oc-149"/>
      </symbol>
      <symbol id="sm-112">
         <name>ActivatePortAandB</name>
         <value>0x1d39</value>
         <object_component_ref idref="oc-104"/>
      </symbol>
      <symbol id="sm-127">
         <name>ClockInitialization_4MHz_32MHz</name>
         <value>0x1171</value>
         <object_component_ref idref="oc-10d"/>
      </symbol>
      <symbol id="sm-128">
         <name>ClockInitialization_80MHz</name>
         <value>0xc1</value>
         <object_component_ref idref="oc-10c"/>
      </symbol>
      <symbol id="sm-129">
         <name>ClockInitialization_40MHz</name>
         <value>0x7c9</value>
         <object_component_ref idref="oc-10b"/>
      </symbol>
      <symbol id="sm-12a">
         <name>ClockDelay</name>
         <value>0x2101</value>
         <object_component_ref idref="oc-116"/>
      </symbol>
      <symbol id="sm-12b">
         <name>ClockDelay_1ms</name>
         <value>0x1ea5</value>
         <object_component_ref idref="oc-d7"/>
      </symbol>
      <symbol id="sm-13f">
         <name>InitializeI2C</name>
         <value>0x909</value>
         <object_component_ref idref="oc-bf"/>
      </symbol>
      <symbol id="sm-140">
         <name>I2C_Send</name>
         <value>0xc45</value>
         <object_component_ref idref="oc-11f"/>
      </symbol>
      <symbol id="sm-141">
         <name>I2C_Receive</name>
         <value>0x10a9</value>
         <object_component_ref idref="oc-125"/>
      </symbol>
      <symbol id="sm-17c">
         <name>Default_Callback</name>
         <value>0x2131</value>
         <object_component_ref idref="oc-9d"/>
      </symbol>
      <symbol id="sm-17d">
         <name>GROUP0_IRQHandler</name>
         <value>0x2179</value>
         <object_component_ref idref="oc-39"/>
      </symbol>
      <symbol id="sm-17e">
         <name>GROUP1_IRQHandler</name>
         <value>0x2111</value>
         <object_component_ref idref="oc-3e"/>
      </symbol>
      <symbol id="sm-17f">
         <name>TIMG8_IRQHandler</name>
         <value>0x2121</value>
         <object_component_ref idref="oc-3f"/>
      </symbol>
      <symbol id="sm-180">
         <name>TimerG8</name>
         <value>0x2020003c</value>
         <object_component_ref idref="oc-7e"/>
      </symbol>
      <symbol id="sm-181">
         <name>UART3_IRQHandler</name>
         <value>0x21f9</value>
         <object_component_ref idref="oc-40"/>
      </symbol>
      <symbol id="sm-182">
         <name>ADC0_IRQHandler</name>
         <value>0x17a9</value>
         <object_component_ref idref="oc-41"/>
      </symbol>
      <symbol id="sm-183">
         <name>ADC1_IRQHandler</name>
         <value>0x2149</value>
         <object_component_ref idref="oc-42"/>
      </symbol>
      <symbol id="sm-184">
         <name>CANFD0_IRQHandler</name>
         <value>0x2159</value>
         <object_component_ref idref="oc-43"/>
      </symbol>
      <symbol id="sm-185">
         <name>DAC0_IRQHandler</name>
         <value>0x2161</value>
         <object_component_ref idref="oc-44"/>
      </symbol>
      <symbol id="sm-186">
         <name>SPI0_IRQHandler</name>
         <value>0x2199</value>
         <object_component_ref idref="oc-45"/>
      </symbol>
      <symbol id="sm-187">
         <name>SPI1_IRQHandler</name>
         <value>0x21a1</value>
         <object_component_ref idref="oc-46"/>
      </symbol>
      <symbol id="sm-188">
         <name>UART1_IRQHandler</name>
         <value>0x21e9</value>
         <object_component_ref idref="oc-47"/>
      </symbol>
      <symbol id="sm-189">
         <name>UART2_IRQHandler</name>
         <value>0x21f1</value>
         <object_component_ref idref="oc-48"/>
      </symbol>
      <symbol id="sm-18a">
         <name>UART0_IRQHandler</name>
         <value>0x21e1</value>
         <object_component_ref idref="oc-49"/>
      </symbol>
      <symbol id="sm-18b">
         <name>TIMG0_IRQHandler</name>
         <value>0x21c1</value>
         <object_component_ref idref="oc-4a"/>
      </symbol>
      <symbol id="sm-18c">
         <name>TIMG6_IRQHandler</name>
         <value>0x21d1</value>
         <object_component_ref idref="oc-4b"/>
      </symbol>
      <symbol id="sm-18d">
         <name>TIMA0_IRQHandler</name>
         <value>0x21b1</value>
         <object_component_ref idref="oc-4c"/>
      </symbol>
      <symbol id="sm-18e">
         <name>TIMA1_IRQHandler</name>
         <value>0x21b9</value>
         <object_component_ref idref="oc-4d"/>
      </symbol>
      <symbol id="sm-18f">
         <name>TIMG7_IRQHandler</name>
         <value>0x21d9</value>
         <object_component_ref idref="oc-4e"/>
      </symbol>
      <symbol id="sm-190">
         <name>TIMG12_IRQHandler</name>
         <value>0x21c9</value>
         <object_component_ref idref="oc-4f"/>
      </symbol>
      <symbol id="sm-191">
         <name>I2C0_IRQHandler</name>
         <value>0x2181</value>
         <object_component_ref idref="oc-50"/>
      </symbol>
      <symbol id="sm-192">
         <name>I2C1_IRQHandler</name>
         <value>0x2189</value>
         <object_component_ref idref="oc-51"/>
      </symbol>
      <symbol id="sm-193">
         <name>AES_IRQHandler</name>
         <value>0x2151</value>
         <object_component_ref idref="oc-52"/>
      </symbol>
      <symbol id="sm-194">
         <name>RTC_IRQHandler</name>
         <value>0x2191</value>
         <object_component_ref idref="oc-53"/>
      </symbol>
      <symbol id="sm-195">
         <name>DMA_IRQHandler</name>
         <value>0x2169</value>
         <object_component_ref idref="oc-54"/>
      </symbol>
      <symbol id="sm-1a4">
         <name>InitializeOpt3001Sensor</name>
         <value>0x1da9</value>
         <object_component_ref idref="oc-c4"/>
      </symbol>
      <symbol id="sm-1a5">
         <name>sensorOpt3001Read</name>
         <value>0x1a2f</value>
         <object_component_ref idref="oc-cc"/>
      </symbol>
      <symbol id="sm-1a6">
         <name>sensorOpt3001Convert</name>
         <value>0x1969</value>
         <object_component_ref idref="oc-cd"/>
      </symbol>
      <symbol id="sm-1b1">
         <name>TaskSchedulerISR</name>
         <value>0x2209</value>
         <object_component_ref idref="oc-77"/>
      </symbol>
      <symbol id="sm-1b2">
         <name>SysTick_Handler</name>
         <value>0x21a9</value>
         <object_component_ref idref="oc-34"/>
      </symbol>
      <symbol id="sm-1c8">
         <name>InitializeTimerClock</name>
         <value>0x1901</value>
         <object_component_ref idref="oc-b3"/>
      </symbol>
      <symbol id="sm-1c9">
         <name>InitializeTimerPWM</name>
         <value>0xef5</value>
         <object_component_ref idref="oc-b9"/>
      </symbol>
      <symbol id="sm-1ca">
         <name>InitializeTimerCompare</name>
         <value>0x1f7d</value>
         <object_component_ref idref="oc-b8"/>
      </symbol>
      <symbol id="sm-1cb">
         <name>UpdateDutyCycle</name>
         <value>0x1b35</value>
         <object_component_ref idref="oc-c9"/>
      </symbol>
      <symbol id="sm-1cc">
         <name>EnableTimer</name>
         <value>0x1f55</value>
         <object_component_ref idref="oc-cb"/>
      </symbol>
      <symbol id="sm-1cf">
         <name>__TI_ATRegion0_src_addr</name>
         <value>0x0</value>
      </symbol>
      <symbol id="sm-1d0">
         <name>__TI_ATRegion0_trg_addr</name>
         <value>0x0</value>
      </symbol>
      <symbol id="sm-1d1">
         <name>__TI_ATRegion0_region_sz</name>
         <value>0x0</value>
      </symbol>
      <symbol id="sm-1d2">
         <name>__TI_ATRegion1_src_addr</name>
         <value>0x0</value>
      </symbol>
      <symbol id="sm-1d3">
         <name>__TI_ATRegion1_trg_addr</name>
         <value>0x0</value>
      </symbol>
      <symbol id="sm-1d4">
         <name>__TI_ATRegion1_region_sz</name>
         <value>0x0</value>
      </symbol>
      <symbol id="sm-1d5">
         <name>__TI_ATRegion2_src_addr</name>
         <value>0x0</value>
      </symbol>
      <symbol id="sm-1d6">
         <name>__TI_ATRegion2_trg_addr</name>
         <value>0x0</value>
      </symbol>
      <symbol id="sm-1d7">
         <name>__TI_ATRegion2_region_sz</name>
         <value>0x0</value>
      </symbol>
      <symbol id="sm-1e7">
         <name>_c_int00_noargs</name>
         <value>0x1ff5</value>
         <object_component_ref idref="oc-70"/>
      </symbol>
      <symbol id="sm-1e8">
         <name>__stack</name>
         <value>0x20207e00</value>
         <object_component_ref idref="oc-1a"/>
      </symbol>
      <symbol id="sm-1f4">
         <name>__TI_auto_init_nobinit_nopinit</name>
         <value>0x1c85</value>
         <object_component_ref idref="oc-ea"/>
      </symbol>
      <symbol id="sm-1fc">
         <name>_system_pre_init</name>
         <value>0x2221</value>
         <object_component_ref idref="oc-88"/>
      </symbol>
      <symbol id="sm-207">
         <name>__TI_zero_init_nomemset</name>
         <value>0x2079</value>
         <object_component_ref idref="oc-67"/>
      </symbol>
      <symbol id="sm-210">
         <name>__TI_decompress_none</name>
         <value>0x20df</value>
         <object_component_ref idref="oc-20"/>
      </symbol>
      <symbol id="sm-21b">
         <name>__TI_decompress_lzss</name>
         <value>0x172d</value>
         <object_component_ref idref="oc-1c"/>
      </symbol>
      <symbol id="sm-22a">
         <name>abort</name>
         <value>0x220f</value>
         <object_component_ref idref="oc-e3"/>
      </symbol>
      <symbol id="sm-23e">
         <name>HOSTexit</name>
         <value>0x2219</value>
         <object_component_ref idref="oc-158"/>
      </symbol>
      <symbol id="sm-23f">
         <name>C$$EXIT</name>
         <value>0x2218</value>
         <object_component_ref idref="oc-158"/>
      </symbol>
      <symbol id="sm-254">
         <name>__aeabi_dmul</name>
         <value>0xe11</value>
         <object_component_ref idref="oc-12a"/>
      </symbol>
      <symbol id="sm-255">
         <name>__muldf3</name>
         <value>0xe11</value>
         <object_component_ref idref="oc-12a"/>
      </symbol>
      <symbol id="sm-25b">
         <name>__muldsi3</name>
         <value>0x1cfd</value>
         <object_component_ref idref="oc-17b"/>
      </symbol>
      <symbol id="sm-261">
         <name>__aeabi_fmul</name>
         <value>0x1409</value>
         <object_component_ref idref="oc-136"/>
      </symbol>
      <symbol id="sm-262">
         <name>__mulsf3</name>
         <value>0x1409</value>
         <object_component_ref idref="oc-136"/>
      </symbol>
      <symbol id="sm-268">
         <name>__aeabi_fdiv</name>
         <value>0x16a9</value>
         <object_component_ref idref="oc-ce"/>
      </symbol>
      <symbol id="sm-269">
         <name>__divsf3</name>
         <value>0x16a9</value>
         <object_component_ref idref="oc-ce"/>
      </symbol>
      <symbol id="sm-26f">
         <name>__aeabi_f2uiz</name>
         <value>0x1e11</value>
         <object_component_ref idref="oc-143"/>
      </symbol>
      <symbol id="sm-270">
         <name>__fixunssfsi</name>
         <value>0x1e11</value>
         <object_component_ref idref="oc-143"/>
      </symbol>
      <symbol id="sm-276">
         <name>__aeabi_i2d</name>
         <value>0x1f29</value>
         <object_component_ref idref="oc-126"/>
      </symbol>
      <symbol id="sm-277">
         <name>__floatsidf</name>
         <value>0x1f29</value>
         <object_component_ref idref="oc-126"/>
      </symbol>
      <symbol id="sm-27d">
         <name>__aeabi_i2f</name>
         <value>0x1c0d</value>
         <object_component_ref idref="oc-132"/>
      </symbol>
      <symbol id="sm-27e">
         <name>__floatsisf</name>
         <value>0x1c0d</value>
         <object_component_ref idref="oc-132"/>
      </symbol>
      <symbol id="sm-285">
         <name>__aeabi_d2f</name>
         <value>0x17b1</value>
         <object_component_ref idref="oc-12e"/>
      </symbol>
      <symbol id="sm-286">
         <name>__truncdfsf2</name>
         <value>0x17b1</value>
         <object_component_ref idref="oc-12e"/>
      </symbol>
      <symbol id="sm-28c">
         <name>__aeabi_fcmpeq</name>
         <value>0x19cd</value>
         <object_component_ref idref="oc-d2"/>
      </symbol>
      <symbol id="sm-28d">
         <name>__aeabi_fcmplt</name>
         <value>0x19e1</value>
         <object_component_ref idref="oc-d2"/>
      </symbol>
      <symbol id="sm-28e">
         <name>__aeabi_fcmple</name>
         <value>0x19f5</value>
         <object_component_ref idref="oc-d2"/>
      </symbol>
      <symbol id="sm-28f">
         <name>__aeabi_fcmpge</name>
         <value>0x1a09</value>
         <object_component_ref idref="oc-d2"/>
      </symbol>
      <symbol id="sm-290">
         <name>__aeabi_fcmpgt</name>
         <value>0x1a1d</value>
         <object_component_ref idref="oc-d2"/>
      </symbol>
      <symbol id="sm-296">
         <name>__aeabi_memcpy</name>
         <value>0x2201</value>
         <object_component_ref idref="oc-60"/>
      </symbol>
      <symbol id="sm-297">
         <name>__aeabi_memcpy4</name>
         <value>0x2201</value>
         <object_component_ref idref="oc-60"/>
      </symbol>
      <symbol id="sm-298">
         <name>__aeabi_memcpy8</name>
         <value>0x2201</value>
         <object_component_ref idref="oc-60"/>
      </symbol>
      <symbol id="sm-29e">
         <name>__aeabi_uidiv</name>
         <value>0x1bcd</value>
         <object_component_ref idref="oc-af"/>
      </symbol>
      <symbol id="sm-29f">
         <name>__aeabi_uidivmod</name>
         <value>0x1bcd</value>
         <object_component_ref idref="oc-af"/>
      </symbol>
      <symbol id="sm-2a8">
         <name>__eqsf2</name>
         <value>0x1cc1</value>
         <object_component_ref idref="oc-13b"/>
      </symbol>
      <symbol id="sm-2a9">
         <name>__lesf2</name>
         <value>0x1cc1</value>
         <object_component_ref idref="oc-13b"/>
      </symbol>
      <symbol id="sm-2aa">
         <name>__ltsf2</name>
         <value>0x1cc1</value>
         <object_component_ref idref="oc-13b"/>
      </symbol>
      <symbol id="sm-2ab">
         <name>__nesf2</name>
         <value>0x1cc1</value>
         <object_component_ref idref="oc-13b"/>
      </symbol>
      <symbol id="sm-2ac">
         <name>__cmpsf2</name>
         <value>0x1cc1</value>
         <object_component_ref idref="oc-13b"/>
      </symbol>
      <symbol id="sm-2ad">
         <name>__gtsf2</name>
         <value>0x1c49</value>
         <object_component_ref idref="oc-140"/>
      </symbol>
      <symbol id="sm-2ae">
         <name>__gesf2</name>
         <value>0x1c49</value>
         <object_component_ref idref="oc-140"/>
      </symbol>
      <symbol id="sm-2b4">
         <name>__aeabi_f2iz</name>
         <value>0x1d71</value>
         <object_component_ref idref="oc-184"/>
      </symbol>
      <symbol id="sm-2b5">
         <name>__fixsfsi</name>
         <value>0x1d71</value>
         <object_component_ref idref="oc-184"/>
      </symbol>
      <symbol id="sm-2c0">
         <name>__aeabi_idiv0</name>
         <value>0x1377</value>
         <object_component_ref idref="oc-110"/>
      </symbol>
      <symbol id="sm-2ca">
         <name>TI_memcpy_small</name>
         <value>0x20cd</value>
         <object_component_ref idref="oc-9e"/>
      </symbol>
      <symbol id="sm-2cb">
         <name>__TI_static_base__</name>
         <value>0x0</value>
      </symbol>
      <symbol id="sm-2ce">
         <name>__mpu_init</name>
         <value>0x0</value>
      </symbol>
      <symbol id="sm-2cf">
         <name>_system_post_cinit</name>
         <value>0x0</value>
      </symbol>
   </symbol_table>
   <title>Link successful</title>
</link_info>
